Component: ARM Compiler 5.05 update 1 (build 106) Tool: armlink [4d0efa]

==============================================================================

Section Cross References

    main.o(i.ASR_Recognition) refers to ldchip.o(i.RunASR) for RunASR
    main.o(i.ASR_Recognition) refers to ldchip.o(i.LD_GetResult) for LD_GetResult
    main.o(i.ASR_Recognition) refers to main.o(i.User_Modification) for User_Modification
    main.o(i.ASR_Recognition) refers to main.o(.data) for nAsrStatus
    main.o(i.User_Modification) refers to printfa.o(i.__0printf) for __2printf
    main.o(i.User_Modification) refers to led.o(i.LED_SetCompare2) for LED_SetCompare2
    main.o(i.User_Modification) refers to led.o(i.LED_GetCapture2) for LED_GetCapture2
    main.o(i.User_Modification) refers to fan.o(i.FAN_SetCompare3) for FAN_SetCompare3
    main.o(i.User_Modification) refers to main.o(.data) for flag
    main.o(i.main) refers to misc.o(i.NVIC_PriorityGroupConfig) for NVIC_PriorityGroupConfig
    main.o(i.main) refers to delay.o(i.delay_init) for delay_init
    main.o(i.main) refers to oled.o(i.OLED_Init) for OLED_Init
    main.o(i.main) refers to stm32f10x_rcc.o(i.RCC_GetFlagStatus) for RCC_GetFlagStatus
    main.o(i.main) refers to oled.o(i.OLED_ShowString) for OLED_ShowString
    main.o(i.main) refers to delay.o(i.delay_ms) for delay_ms
    main.o(i.main) refers to stm32f10x_rcc.o(i.RCC_ClearFlag) for RCC_ClearFlag
    main.o(i.main) refers to reg_rw.o(i.LD3320_Init) for LD3320_Init
    main.o(i.main) refers to reg_rw.o(i.EXTIX_Init) for EXTIX_Init
    main.o(i.main) refers to led.o(i.LED_Init) for LED_Init
    main.o(i.main) refers to fan.o(i.FAN_Init) for FAN_Init
    main.o(i.main) refers to ldchip.o(i.LD_Reset) for LD_Reset
    main.o(i.main) refers to usart.o(i.uart1_init) for uart1_init
    main.o(i.main) refers to usart.o(i.uart2_init) for uart2_init
    main.o(i.main) refers to ad.o(i.AD_Init) for AD_Init
    main.o(i.main) refers to stm32f10x_iwdg.o(i.IWDG_WriteAccessCmd) for IWDG_WriteAccessCmd
    main.o(i.main) refers to stm32f10x_iwdg.o(i.IWDG_SetPrescaler) for IWDG_SetPrescaler
    main.o(i.main) refers to stm32f10x_iwdg.o(i.IWDG_SetReload) for IWDG_SetReload
    main.o(i.main) refers to stm32f10x_iwdg.o(i.IWDG_ReloadCounter) for IWDG_ReloadCounter
    main.o(i.main) refers to stm32f10x_iwdg.o(i.IWDG_Enable) for IWDG_Enable
    main.o(i.main) refers to esp8266.o(i.ESP8266_Init) for ESP8266_Init
    main.o(i.main) refers to usart.o(i.UsartPrintf) for UsartPrintf
    main.o(i.main) refers to esp8266.o(i.ESP8266_SendCmd) for ESP8266_SendCmd
    main.o(i.main) refers to onenet.o(i.OneNet_DevLink) for OneNet_DevLink
    main.o(i.main) refers to onenet.o(i.OneNET_Subscribe) for OneNET_Subscribe
    main.o(i.main) refers to printfa.o(i.__0printf) for __2printf
    main.o(i.main) refers to main.o(i.ASR_Recognition) for ASR_Recognition
    main.o(i.main) refers to ad.o(i.AD_GetValue) for AD_GetValue
    main.o(i.main) refers to fflti.o(.text) for __aeabi_i2f
    main.o(i.main) refers to fdiv.o(.text) for __aeabi_fdiv
    main.o(i.main) refers to fmul.o(.text) for __aeabi_fmul
    main.o(i.main) refers to ffixui.o(.text) for __aeabi_f2uiz
    main.o(i.main) refers to oled.o(i.OLED_ShowNum) for OLED_ShowNum
    main.o(i.main) refers to dht11.o(i.DHT_Read) for DHT_Read
    main.o(i.main) refers to onenet.o(i.OneNet_SendData) for OneNet_SendData
    main.o(i.main) refers to esp8266.o(i.ESP8266_Clear) for ESP8266_Clear
    main.o(i.main) refers to esp8266.o(i.ESP8266_GetIPD) for ESP8266_GetIPD
    main.o(i.main) refers to onenet.o(i.OneNet_RevPro) for OneNet_RevPro
    main.o(i.main) refers to ffltui.o(.text) for __aeabi_ui2f
    main.o(i.main) refers to led.o(i.LED_PID_Controller) for LED_PID_Controller
    main.o(i.main) refers to led.o(i.LED_SetCompare2) for LED_SetCompare2
    main.o(i.main) refers to main.o(.data) for nAsrStatus
    main.o(i.main) refers to dht11.o(.data) for Data
    system_stm32f10x.o(i.SetSysClock) refers to system_stm32f10x.o(i.SetSysClockTo72) for SetSysClockTo72
    system_stm32f10x.o(i.SystemCoreClockUpdate) refers to system_stm32f10x.o(.data) for SystemCoreClock
    system_stm32f10x.o(i.SystemInit) refers to system_stm32f10x.o(i.SetSysClock) for SetSysClock
    delay.o(i.delay_init) refers to misc.o(i.SysTick_CLKSourceConfig) for SysTick_CLKSourceConfig
    delay.o(i.delay_init) refers to system_stm32f10x.o(.data) for SystemCoreClock
    delay.o(i.delay_init) refers to delay.o(.data) for fac_us
    delay.o(i.delay_ms) refers to delay.o(.data) for fac_ms
    delay.o(i.delay_us) refers to delay.o(.data) for fac_us
    usart.o(i.USART1_IRQHandler) refers to stm32f10x_usart.o(i.USART_GetITStatus) for USART_GetITStatus
    usart.o(i.USART1_IRQHandler) refers to stm32f10x_usart.o(i.USART_ReceiveData) for USART_ReceiveData
    usart.o(i.USART1_IRQHandler) refers to usart.o(.data) for USART_RX_STA
    usart.o(i.USART1_IRQHandler) refers to usart.o(.bss) for USART_RX_BUF
[...]
    i.GPIO_Init                              0x08001708   Section        0  stm32f10x_gpio.o(i.GPIO_Init)
    i.GPIO_PinRemapConfig                    0x08001820   Section        0  stm32f10x_gpio.o(i.GPIO_PinRemapConfig)
    i.GPIO_ReadInputDataBit                  0x080018b0   Section        0  stm32f10x_gpio.o(i.GPIO_ReadInputDataBit)
    i.GPIO_ResetBits                         0x080018c2   Section        0  stm32f10x_gpio.o(i.GPIO_ResetBits)
    i.GPIO_SetBits                           0x080018c6   Section        0  stm32f10x_gpio.o(i.GPIO_SetBits)
    i.GPIO_WriteBit                          0x080018ca   Section        0  stm32f10x_gpio.o(i.GPIO_WriteBit)
    i.HardFault_Handler                      0x080018d4   Section        0  stm32f10x_it.o(i.HardFault_Handler)
    i.IWDG_Enable                            0x080018d8   Section        0  stm32f10x_iwdg.o(i.IWDG_Enable)
    i.IWDG_ReloadCounter                     0x080018e8   Section        0  stm32f10x_iwdg.o(i.IWDG_ReloadCounter)
    i.IWDG_SetPrescaler                      0x080018f8   Section        0  stm32f10x_iwdg.o(i.IWDG_SetPrescaler)
    i.IWDG_SetReload                         0x08001904   Section        0  stm32f10x_iwdg.o(i.IWDG_SetReload)
    i.IWDG_WriteAccessCmd                    0x08001910   Section        0  stm32f10x_iwdg.o(i.IWDG_WriteAccessCmd)
    i.LD3320_Init                            0x0800191c   Section        0  reg_rw.o(i.LD3320_Init)
    i.LD_AsrAddFixed                         0x080019a8   Section        0  ldchip.o(i.LD_AsrAddFixed)
    i.LD_AsrRun                              0x08001a6c   Section        0  ldchip.o(i.LD_AsrRun)
    i.LD_AsrStart                            0x08001aec   Section        0  ldchip.o(i.LD_AsrStart)
    i.LD_Check_ASRBusyFlag_b2                0x08001af4   Section        0  ldchip.o(i.LD_Check_ASRBusyFlag_b2)
    i.LD_GetResult                           0x08001b20   Section        0  ldchip.o(i.LD_GetResult)
    i.LD_Init_ASR                            0x08001b2c   Section        0  ldchip.o(i.LD_Init_ASR)
    i.LD_Init_Common                         0x08001b9c   Section        0  ldchip.o(i.LD_Init_Common)
    i.LD_ReadReg                             0x08001c68   Section        0  reg_rw.o(i.LD_ReadReg)
    i.LD_Reset                               0x08001d6c   Section        0  ldchip.o(i.LD_Reset)
    i.LD_WriteReg                            0x08001dbc   Section        0  reg_rw.o(i.LD_WriteReg)
    i.LED_GetCapture2                        0x08001eb8   Section        0  led.o(i.LED_GetCapture2)
    i.LED_Init                               0x08001ec4   Section        0  led.o(i.LED_Init)
    i.LED_PID_Controller                     0x08001f5c   Section        0  led.o(i.LED_PID_Controller)
    i.LED_SetCompare2                        0x08002054   Section        0  led.o(i.LED_SetCompare2)
    i.MQTT_DeleteBuffer                      0x08002064   Section        0  mqttkit.o(i.MQTT_DeleteBuffer)
    i.MQTT_DumpLength                        0x08002080   Section        0  mqttkit.o(i.MQTT_DumpLength)
    i.MQTT_NewBuffer                         0x080020ae   Section        0  mqttkit.o(i.MQTT_NewBuffer)
    i.MQTT_PacketConnect                     0x08002108   Section        0  mqttkit.o(i.MQTT_PacketConnect)
    i.MQTT_PacketPublish                     0x080023a8   Section        0  mqttkit.o(i.MQTT_PacketPublish)
    i.MQTT_PacketSaveData                    0x08002560   Section        0  mqttkit.o(i.MQTT_PacketSaveData)
    i.MQTT_PacketSubscribe                   0x080025c4   Section        0  mqttkit.o(i.MQTT_PacketSubscribe)
    i.MQTT_ReadLength                        0x080026c2   Section        0  mqttkit.o(i.MQTT_ReadLength)
    i.MQTT_UnPacketConnectAck                0x08002708   Section        0  mqttkit.o(i.MQTT_UnPacketConnectAck)
    i.MQTT_UnPacketPublish                   0x08002728   Section        0  mqttkit.o(i.MQTT_UnPacketPublish)
    i.MQTT_UnPacketPublishAck                0x080028e8   Section        0  mqttkit.o(i.MQTT_UnPacketPublishAck)
    i.MQTT_UnPacketRecv                      0x08002908   Section        0  mqttkit.o(i.MQTT_UnPacketRecv)
    i.MQTT_UnPacketSubscribe                 0x0800297c   Section        0  mqttkit.o(i.MQTT_UnPacketSubscribe)
    i.MemManage_Handler                      0x080029b0   Section        0  stm32f10x_it.o(i.MemManage_Handler)
    i.NMI_Handler                            0x080029b4   Section        0  stm32f10x_it.o(i.NMI_Handler)
    i.NVIC_Init                              0x080029b8   Section        0  misc.o(i.NVIC_Init)
    i.NVIC_PriorityGroupConfig               0x08002a28   Section        0  misc.o(i.NVIC_PriorityGroupConfig)
    i.OLED_Clear                             0x08002a3c   Section        0  oled.o(i.OLED_Clear)
    i.OLED_I2C_Init                          0x08002a68   Section        0  oled.o(i.OLED_I2C_Init)
    i.OLED_I2C_SendByte                      0x08002ab4   Section        0  oled.o(i.OLED_I2C_SendByte)
    i.OLED_I2C_Start                         0x08002b04   Section        0  oled.o(i.OLED_I2C_Start)
    i.OLED_I2C_Stop                          0x08002b34   Section        0  oled.o(i.OLED_I2C_Stop)
    i.OLED_Init                              0x08002b5c   Section        0  oled.o(i.OLED_Init)
    i.OLED_Pow                               0x08002c0a   Section        0  oled.o(i.OLED_Pow)
    i.OLED_SetCursor                         0x08002c1e   Section        0  oled.o(i.OLED_SetCursor)
    i.OLED_ShowChar                          0x08002c40   Section        0  oled.o(i.OLED_ShowChar)
    i.OLED_ShowNum                           0x08002cb4   Section        0  oled.o(i.OLED_ShowNum)
    i.OLED_ShowString                        0x08002cf8   Section        0  oled.o(i.OLED_ShowString)
    i.OLED_WriteCommand                      0x08002d38   Section        0  oled.o(i.OLED_WriteCommand)
    i.OLED_WriteData                         0x08002d58   Section        0  oled.o(i.OLED_WriteData)
    i.OTA_UrlEncode                          0x08002d78   Section        0  onenet.o(i.OTA_UrlEncode)
    OTA_UrlEncode                            0x08002d79   Thumb Code   246  onenet.o(i.OTA_UrlEncode)
    i.OneNET_Authorization                   0x08002e90   Section        0  onenet.o(i.OneNET_Authorization)
    OneNET_Authorization                     0x08002e91   Thumb Code   284  onenet.o(i.OneNET_Authorization)
    i.OneNET_Subscribe                       0x0800302c   Section        0  onenet.o(i.OneNET_Subscribe)
    i.OneNet_DevLink                         0x080030cc   Section        0  onenet.o(i.OneNet_DevLink)
    i.OneNet_FillBuf                         0x0800337c   Section        0  onenet.o(i.OneNet_FillBuf)
    i.OneNet_RevPro                          0x080034bc   Section        0  onenet.o(i.OneNet_RevPro)
    i.OneNet_SendData                        0x0800370c   Section        0  onenet.o(i.OneNet_SendData)
    i.PendSV_Handler                         0x08003838   Section        0  stm32f10x_it.o(i.PendSV_Handler)
    i.ProcessInt                             0x0800383c   Section        0  ldchip.o(i.ProcessInt)
    i.RCC_ADCCLKConfig                       0x080038f0   Section        0  stm32f10x_rcc.o(i.RCC_ADCCLKConfig)
    i.RCC_APB1PeriphClockCmd                 0x08003908   Section        0  stm32f10x_rcc.o(i.RCC_APB1PeriphClockCmd)
    i.RCC_APB2PeriphClockCmd                 0x08003928   Section        0  stm32f10x_rcc.o(i.RCC_APB2PeriphClockCmd)
    i.RCC_ClearFlag                          0x08003948   Section        0  stm32f10x_rcc.o(i.RCC_ClearFlag)
    i.RCC_GetClocksFreq                      0x0800395c   Section        0  stm32f10x_rcc.o(i.RCC_GetClocksFreq)
    i.RCC_GetFlagStatus                      0x08003a30   Section        0  stm32f10x_rcc.o(i.RCC_GetFlagStatus)
    i.RunASR                                 0x08003a6c   Section        0  ldchip.o(i.RunASR)
    i.SVC_Handler                            0x08003abc   Section        0  stm32f10x_it.o(i.SVC_Handler)
    i.SetSysClock                            0x08003abe   Section        0  system_stm32f10x.o(i.SetSysClock)
    SetSysClock                              0x08003abf   Thumb Code     8  system_stm32f10x.o(i.SetSysClock)
    i.SetSysClockTo72                        0x08003ac8   Section        0  system_stm32f10x.o(i.SetSysClockTo72)
    SetSysClockTo72                          0x08003ac9   Thumb Code   214  system_stm32f10x.o(i.SetSysClockTo72)
    i.SysTick_CLKSourceConfig                0x08003ba8   Section        0  misc.o(i.SysTick_CLKSourceConfig)
    i.SysTick_Handler                        0x08003bd0   Section        0  stm32f10x_it.o(i.SysTick_Handler)
    i.SystemInit                             0x08003bd4   Section        0  system_stm32f10x.o(i.SystemInit)
    i.TIM_Cmd                                0x08003c34   Section        0  stm32f10x_tim.o(i.TIM_Cmd)
    i.TIM_GetCapture2                        0x08003c4c   Section        0  stm32f10x_tim.o(i.TIM_GetCapture2)
    i.TIM_InternalClockConfig                0x08003c52   Section        0  stm32f10x_tim.o(i.TIM_InternalClockConfig)
    i.TIM_OC2Init                            0x08003c60   Section        0  stm32f10x_tim.o(i.TIM_OC2Init)
    i.TIM_OC3Init                            0x08003d04   Section        0  stm32f10x_tim.o(i.TIM_OC3Init)
    i.TIM_OCStructInit                       0x08003da4   Section        0  stm32f10x_tim.o(i.TIM_OCStructInit)
    i.TIM_SetCompare2                        0x08003db8   Section        0  stm32f10x_tim.o(i.TIM_SetCompare2)
    i.TIM_SetCompare3                        0x08003dbc   Section        0  stm32f10x_tim.o(i.TIM_SetCompare3)
    i.TIM_TimeBaseInit                       0x08003dc0   Section        0  stm32f10x_tim.o(i.TIM_TimeBaseInit)
    i.USART1_IRQHandler                      0x08003e64   Section        0  usart.o(i.USART1_IRQHandler)
    i.USART2_IRQHandler                      0x08003eec   Section        0  esp8266.o(i.USART2_IRQHandler)
    i.USART_ClearFlag                        0x08003f38   Section        0  stm32f10x_usart.o(i.USART_ClearFlag)
    i.USART_Cmd                              0x08003f4a   Section        0  stm32f10x_usart.o(i.USART_Cmd)
    i.USART_GetFlagStatus                    0x08003f62   Section        0  stm32f10x_usart.o(i.USART_GetFlagStatus)
    i.USART_GetITStatus                      0x08003f7c   Section        0  stm32f10x_usart.o(i.USART_GetITStatus)
    i.USART_ITConfig                         0x08003fd0   Section        0  stm32f10x_usart.o(i.USART_ITConfig)
    i.USART_Init                             0x0800401c   Section        0  stm32f10x_usart.o(i.USART_Init)
    i.USART_ReceiveData                      0x080040f4   Section        0  stm32f10x_usart.o(i.USART_ReceiveData)
    i.USART_SendData                         0x080040fe   Section        0  stm32f10x_usart.o(i.USART_SendData)
    i.UsageFault_Handler                     0x08004106   Section        0  stm32f10x_it.o(i.UsageFault_Handler)
    i.UsartPrintf                            0x0800410a   Section        0  usart.o(i.UsartPrintf)
    i.Usart_SendString                       0x08004152   Section        0  usart.o(i.Usart_SendString)
    i.User_Modification                      0x08004184   Section        0  main.o(i.User_Modification)
    i.__0printf                              0x08004424   Section        0  printfa.o(i.__0printf)
    i.__0snprintf                            0x08004444   Section        0  printfa.o(i.__0snprintf)
    i.__0sprintf                             0x0800446c   Section        0  printfa.o(i.__0sprintf)
    i.__0vsnprintf                           0x08004494   Section        0  printfa.o(i.__0vsnprintf)
    i.__ARM_fpclassify                       0x080044b8   Section        0  fpclassify.o(i.__ARM_fpclassify)
    i.__kernel_poly                          0x080044e0   Section        0  poly.o(i.__kernel_poly)
    i.__mathlib_dbl_divzero                  0x0800458c   Section        0  dunder.o(i.__mathlib_dbl_divzero)
    i.__mathlib_dbl_infnan2                  0x0800459c   Section        0  dunder.o(i.__mathlib_dbl_infnan2)
    i.__mathlib_dbl_invalid                  0x080045a0   Section        0  dunder.o(i.__mathlib_dbl_invalid)
    i.__mathlib_dbl_overflow                 0x080045ac   Section        0  dunder.o(i.__mathlib_dbl_overflow)
    i.__mathlib_dbl_underflow                0x080045bc   Section        0  dunder.o(i.__mathlib_dbl_underflow)
    i.__scatterload_copy                     0x080045cc   Section       14  handlers.o(i.__scatterload_copy)
    i.__scatterload_null                     0x080045da   Section        2  handlers.o(i.__scatterload_null)
    i.__scatterload_zeroinit                 0x080045dc   Section       14  handlers.o(i.__scatterload_zeroinit)
    i.__set_errno                            0x080045ec   Section        0  errno.o(i.__set_errno)
    i._fp_digits                             0x080045f8   Section        0  printfa.o(i._fp_digits)
    _fp_digits                               0x080045f9   Thumb Code   334  printfa.o(i._fp_digits)
    i._printf_core                           0x0800475c   Section        0  printfa.o(i._printf_core)
    _printf_core                             0x0800475d   Thumb Code  1744  printfa.o(i._printf_core)
    i._printf_post_padding                   0x08004e38   Section        0  printfa.o(i._printf_post_padding)
    _printf_post_padding                     0x08004e39   Thumb Code    36  printfa.o(i._printf_post_padding)
    i._printf_pre_padding                    0x08004e5c   Section        0  printfa.o(i._printf_pre_padding)
    _printf_pre_padding                      0x08004e5d   Thumb Code    46  printfa.o(i._printf_pre_padding)
    i._snputc                                0x08004e8a   Section        0  printfa.o(i._snputc)
    _snputc                                  0x08004e8b   Thumb Code    22  printfa.o(i._snputc)
    i._sputc                                 0x08004ea0   Section        0  printfa.o(i._sputc)
    _sputc                                   0x08004ea1   Thumb Code    10  printfa.o(i._sputc)
    i.cJSON_Delete                           0x08004eac   Section        0  cjson.o(i.cJSON_Delete)
    i.cJSON_GetObjectItem                    0x08004f04   Section        0  cjson.o(i.cJSON_GetObjectItem)
    i.cJSON_New_Item                         0x08004f24   Section        0  cjson.o(i.cJSON_New_Item)
    cJSON_New_Item                           0x08004f25   Thumb Code    26  cjson.o(i.cJSON_New_Item)
    i.cJSON_Parse                            0x08004f44   Section        0  cjson.o(i.cJSON_Parse)
    i.cJSON_ParseWithOpts                    0x08004f54   Section        0  cjson.o(i.cJSON_ParseWithOpts)
    i.cJSON_strcasecmp                       0x08004fb8   Section        0  cjson.o(i.cJSON_strcasecmp)
    cJSON_strcasecmp                         0x08004fb9   Thumb Code    76  cjson.o(i.cJSON_strcasecmp)
    i.delay_init                             0x08005004   Section        0  delay.o(i.delay_init)
    i.delay_ms                               0x08005048   Section        0  delay.o(i.delay_ms)
    i.delay_us                               0x08005094   Section        0  delay.o(i.delay_us)
    i.fputc                                  0x080050e0   Section        0  usart.o(i.fputc)
    i.free                                   0x080050fc   Section        0  malloc.o(i.free)
    i.ft                                     0x0800514c   Section        0  hmac_sha1.o(i.ft)
    i.hmac_sha1                              0x08005198   Section        0  hmac_sha1.o(i.hmac_sha1)
    i.k                                      0x080052c8   Section        0  hmac_sha1.o(i.k)
    i.main                                   0x080052fc   Section        0  main.o(i.main)
    i.malloc                                 0x080056a8   Section        0  malloc.o(i.malloc)
    i.parse_array                            0x08005714   Section        0  cjson.o(i.parse_array)
    parse_array                              0x08005715   Thumb Code   166  cjson.o(i.parse_array)
    i.parse_hex4                             0x080057c0   Section        0  cjson.o(i.parse_hex4)
    parse_hex4                               0x080057c1   Thumb Code   276  cjson.o(i.parse_hex4)
    i.parse_number                           0x080058d4   Section        0  cjson.o(i.parse_number)
    parse_number                             0x080058d5   Thumb Code   432  cjson.o(i.parse_number)
    i.parse_object                           0x08005a90   Section        0  cjson.o(i.parse_object)
    parse_object                             0x08005a91   Thumb Code   270  cjson.o(i.parse_object)
    i.parse_string                           0x08005ba4   Section        0  cjson.o(i.parse_string)
    parse_string                             0x08005ba5   Thumb Code   448  cjson.o(i.parse_string)
    i.parse_value                            0x08005d70   Section        0  cjson.o(i.parse_value)
    parse_value                              0x08005d71   Thumb Code   158  cjson.o(i.parse_value)
    i.pow                                    0x08005e2c   Section        0  pow.o(i.pow)
    i.rotl                                   0x080067e4   Section        0  hmac_sha1.o(i.rotl)
    i.sha1                                   0x08006814   Section        0  hmac_sha1.o(i.sha1)
    i.skip                                   0x08006a98   Section        0  cjson.o(i.skip)
    skip                                     0x08006a99   Thumb Code    18  cjson.o(i.skip)
    i.sqrt                                   0x08006aaa   Section        0  sqrt.o(i.sqrt)
    i.uart1_init                             0x08006af8   Section        0  usart.o(i.uart1_init)
    i.uart2_init                             0x08006b9c   Section        0  usart.o(i.uart2_init)
    .constdata                               0x08006c44   Section      280  ldchip.o(.constdata)
    .constdata                               0x08006d5c   Section     1520  oled.o(.constdata)
    .constdata                               0x0800734c   Section      192  base64.o(.constdata)
    base64_enc_map                           0x0800734c   Data          64  base64.o(.constdata)
    base64_dec_map                           0x0800738c   Data         128  base64.o(.constdata)
    .constdata                               0x0800740c   Section        7  cjson.o(.constdata)
    firstByteMark                            0x0800740c   Data           7  cjson.o(.constdata)
    .constdata                               0x08007418   Section      136  pow.o(.constdata)
    bp                                       0x08007418   Data          16  pow.o(.constdata)
    dp_h                                     0x08007428   Data          16  pow.o(.constdata)
    dp_l                                     0x08007438   Data          16  pow.o(.constdata)
    L                                        0x08007448   Data          48  pow.o(.constdata)
    P                                        0x08007478   Data          40  pow.o(.constdata)
    .constdata                               0x080074a0   Section        8  qnan.o(.constdata)
    .conststring                             0x080074a8   Section       71  onenet.o(.conststring)
    .data                                    0x20000000   Section        9  main.o(.data)
    .data                                    0x2000000c   Section       20  system_stm32f10x.o(.data)
    .data                                    0x20000020   Section        4  delay.o(.data)
    fac_us                                   0x20000020   Data           1  delay.o(.data)
    fac_ms                                   0x20000022   Data           2  delay.o(.data)
    .data                                    0x20000024   Section        6  usart.o(.data)
    .data                                    0x2000002a   Section       20  stm32f10x_rcc.o(.data)
    APBAHBPrescTable                         0x2000002a   Data          16  stm32f10x_rcc.o(.data)
    ADCPrescTable                            0x2000003a   Data           4  stm32f10x_rcc.o(.data)
    .data                                    0x2000003e   Section        2  ldchip.o(.data)
    .data                                    0x20000040   Section        8  led.o(.data)
    .data                                    0x20000048   Section        5  dht11.o(.data)
    .data                                    0x2000004e   Section        4  esp8266.o(.data)
    .data                                    0x20000052   Section        2  onenet.o(.data)
    pkt_id                                   0x20000052   Data           2  onenet.o(.data)
    .data                                    0x20000054   Section       12  cjson.o(.data)
    ep                                       0x20000054   Data           4  cjson.o(.data)
    cJSON_malloc                             0x20000058   Data           4  cjson.o(.data)
    cJSON_free                               0x2000005c   Data           4  cjson.o(.data)
    .data                                    0x20000060   Section        4  mvars.o(.data)
    .data                                    0x20000064   Section        4  mvars.o(.data)
    .data                                    0x20000068   Section        4  errno.o(.data)
    _errno                                   0x20000068   Data           4  errno.o(.data)
    .bss                                     0x2000006c   Section      200  usart.o(.bss)
    .bss                                     0x20000134   Section      512  esp8266.o(.bss)
    HEAP                                     0x20000338   Section      512  startup_stm32f10x_md.o(HEAP)
    STACK                                    0x20000538   Section     2048  startup_stm32f10x_md.o(STACK)

    Global Symbols

    Symbol Name                              Value     Ov Type        Size  Object(Section)

    BuildAttributes$$THM_ISAv4$P$D$K$B$S$PE$A:L22UL41UL21$X:L11$S22US41US21$IEEE1$IW$USESV6$~STKCKD$USESV7$~SHL$OTIME$ROPI$IEEEX$EBA8$MICROLIB$REQ8$PRES8$EABIv2 0x00000000   Number         0  anon$$obj.o ABSOLUTE
    __ARM_use_no_argv                        0x00000000   Number         0  main.o ABSOLUTE
    __use_no_errno                           0x00000000   Number         0  useno.o ABSOLUTE
    __use_no_exception_handling              0x00000000   Number         0  useno.o ABSOLUTE
    __use_no_fp                              0x00000000   Number         0  useno.o ABSOLUTE
    __use_no_heap                            0x00000000   Number         0  useno.o ABSOLUTE
    __use_no_heap_region                     0x00000000   Number         0  useno.o ABSOLUTE
    __use_no_semihosting                     0x00000000   Number         0  useno.o ABSOLUTE
    __use_no_semihosting_swi                 0x00000000   Number         0  useno.o ABSOLUTE
    __use_no_signal_handling                 0x00000000   Number         0  useno.o ABSOLUTE
    _printf_a                                0x00000000   Number         0  stubs.o ABSOLUTE
    _printf_c                                0x00000000   Number         0  stubs.o ABSOLUTE
    _printf_charcount                        0x00000000   Number         0  stubs.o ABSOLUTE
    _printf_d                                0x00000000   Number         0  stubs.o ABSOLUTE
    _printf_e                                0x00000000   Number         0  stubs.o ABSOLUTE
    _printf_f                                0x00000000   Number         0  stubs.o ABSOLUTE
    _printf_flags                            0x00000000   Number         0  stubs.o ABSOLUTE
    _printf_fp_dec                           0x00000000   Number         0  stubs.o ABSOLUTE
    _printf_fp_hex                           0x00000000   Number         0  stubs.o ABSOLUTE
    _printf_g                                0x00000000   Number         0  stubs.o ABSOLUTE
    _printf_i                                0x00000000   Number         0  stubs.o ABSOLUTE
    _printf_int_dec                          0x00000000   Number         0  stubs.o ABSOLUTE
    _printf_l                                0x00000000   Number         0  stubs.o ABSOLUTE
    _printf_lc                               0x00000000   Number         0  stubs.o ABSOLUTE
    _printf_ll                               0x00000000   Number         0  stubs.o ABSOLUTE
    _printf_lld                              0x00000000   Number         0  stubs.o ABSOLUTE
    _printf_lli                              0x00000000   Number         0  stubs.o ABSOLUTE
    _printf_llo                              0x00000000   Number         0  stubs.o ABSOLUTE
    _printf_llu                              0x00000000   Number         0  stubs.o ABSOLUTE
    _printf_llx                              0x00000000   Number         0  stubs.o ABSOLUTE
    _printf_longlong_dec                     0x00000000   Number         0  stubs.o ABSOLUTE
    _printf_longlong_hex                     0x00000000   Number         0  stubs.o ABSOLUTE
    _printf_longlong_oct                     0x00000000   Number         0  stubs.o ABSOLUTE
    _printf_ls                               0x00000000   Number         0  stubs.o ABSOLUTE
    _printf_mbtowc                           0x00000000   Number         0  stubs.o ABSOLUTE
    _printf_n                                0x00000000   Number         0  stubs.o ABSOLUTE
    _printf_o                                0x00000000   Number         0  stubs.o ABSOLUTE
    _printf_p                                0x00000000   Number         0  stubs.o ABSOLUTE
    _printf_percent                          0x00000000   Number         0  stubs.o ABSOLUTE
    _printf_pre_padding                      0x00000000   Number         0  stubs.o ABSOLUTE
    _printf_return_value                     0x00000000   Number         0  stubs.o ABSOLUTE
    _printf_s                                0x00000000   Number         0  stubs.o ABSOLUTE
    _printf_sizespec                         0x00000000   Number         0  stubs.o ABSOLUTE
    _printf_str                              0x00000000   Number         0  stubs.o ABSOLUTE
    _printf_truncate_signed                  0x00000000   Number         0  stubs.o ABSOLUTE
    _printf_truncate_unsigned                0x00000000   Number         0  stubs.o ABSOLUTE
    _printf_u                                0x00000000   Number         0  stubs.o ABSOLUTE
    _printf_wc                               0x00000000   Number         0  stubs.o ABSOLUTE
    _printf_wctomb                           0x00000000   Number         0  stubs.o ABSOLUTE
    _printf_widthprec                        0x00000000   Number         0  stubs.o ABSOLUTE
    _printf_x                                0x00000000   Number         0  stubs.o ABSOLUTE
    __cpp_initialize__aeabi_                  - Undefined Weak Reference
    __cxa_finalize                            - Undefined Weak Reference
    __decompress                              - Undefined Weak Reference
    _clock_init                               - Undefined Weak Reference
    _microlib_exit                            - Undefined Weak Reference
    _scanf_longlong                           - Undefined Weak Reference
    _scanf_real                               - Undefined Weak Reference
    __Vectors_Size                           0x000000ec   Number         0  startup_stm32f10x_md.o ABSOLUTE
    __Vectors                                0x08000000   Data           4  startup_stm32f10x_md.o(RESET)
    __Vectors_End                            0x080000ec   Data           0  startup_stm32f10x_md.o(RESET)
    __main                                   0x080000ed   Thumb Code     0  entry.o(.ARM.Collect$$$$00000000)
    _main_stk                                0x080000ed   Thumb Code     0  entry2.o(.ARM.Collect$$$$00000001)
    _main_scatterload                        0x080000f1   Thumb Code     0  entry5.o(.ARM.Collect$$$$00000004)
    __main_after_scatterload                 0x080000f5   Thumb Code     0  entry5.o(.ARM.Collect$$$$00000004)
    _main_clock                              0x080000f5   Thumb Code     0  entry7b.o(.ARM.Collect$$$$00000008)
    _main_cpp_init                           0x080000f5   Thumb Code     0  entry8b.o(.ARM.Collect$$$$0000000A)
    _main_init                               0x080000f5   Thumb Code     0  entry9a.o(.ARM.Collect$$$$0000000B)
    __rt_final_cpp                           0x080000fd   Thumb Code     0  entry10a.o(.ARM.Collect$$$$0000000D)
    __rt_final_exit                          0x080000fd   Thumb Code     0  entry11a.o(.ARM.Collect$$$$0000000F)
    Reset_Handler                            0x08000101   Thumb Code     8  startup_stm32f10x_md.o(.text)
    ADC1_2_IRQHandler                        0x0800011b   Thumb Code     0  startup_stm32f10x_md.o(.text)
    CAN1_RX1_IRQHandler                      0x0800011b   Thumb Code     0  startup_stm32f10x_md.o(.text)
    CAN1_SCE_IRQHandler                      0x0800011b   Thumb Code     0  startup_stm32f10x_md.o(.text)
    DMA1_Channel1_IRQHandler                 0x0800011b   Thumb Code     0  startup_stm32f10x_md.o(.text)
    DMA1_Channel2_IRQHandler                 0x0800011b   Thumb Code     0  startup_stm32f10x_md.o(.text)
    DMA1_Channel3_IRQHandler                 0x0800011b   Thumb Code     0  startup_stm32f10x_md.o(.text)
    DMA1_Channel4_IRQHandler                 0x0800011b   Thumb Code     0  startup_stm32f10x_md.o(.text)
    DMA1_Channel5_IRQHandler                 0x0800011b   Thumb Code     0  startup_stm32f10x_md.o(.text)
    DMA1_Channel6_IRQHandler                 0x0800011b   Thumb Code     0  startup_stm32f10x_md.o(.text)
    DMA1_Channel7_IRQHandler                 0x0800011b   Thumb Code     0  startup_stm32f10x_md.o(.text)
    EXTI0_IRQHandler                         0x0800011b   Thumb Code     0  startup_stm32f10x_md.o(.text)
    EXTI15_10_IRQHandler                     0x0800011b   Thumb Code     0  startup_stm32f10x_md.o(.text)
    EXTI1_IRQHandler                         0x0800011b   Thumb Code     0  startup_stm32f10x_md.o(.text)
    EXTI2_IRQHandler                         0x0800011b   Thumb Code     0  startup_stm32f10x_md.o(.text)
    EXTI3_IRQHandler                         0x0800011b   Thumb Code     0  startup_stm32f10x_md.o(.text)
    EXTI4_IRQHandler                         0x0800011b   Thumb Code     0  startup_stm32f10x_md.o(.text)
    FLASH_IRQHandler                         0x0800011b   Thumb Code     0  startup_stm32f10x_md.o(.text)
    I2C1_ER_IRQHandler                       0x0800011b   Thumb Code     0  startup_stm32f10x_md.o(.text)
    I2C1_EV_IRQHandler                       0x0800011b   Thumb Code     0  startup_stm32f10x_md.o(.text)
    I2C2_ER_IRQHandler                       0x0800011b   Thumb Code     0  startup_stm32f10x_md.o(.text)
    I2C2_EV_IRQHandler                       0x0800011b   Thumb Code     0  startup_stm32f10x_md.o(.text)
    PVD_IRQHandler                           0x0800011b   Thumb Code     0  startup_stm32f10x_md.o(.text)
    RCC_IRQHandler                           0x0800011b   Thumb Code     0  startup_stm32f10x_md.o(.text)
    RTCAlarm_IRQHandler                      0x0800011b   Thumb Code     0  startup_stm32f10x_md.o(.text)
    RTC_IRQHandler                           0x0800011b   Thumb Code     0  startup_stm32f10x_md.o(.text)
    SPI1_IRQHandler                          0x0800011b   Thumb Code     0  startup_stm32f10x_md.o(.text)
    SPI2_IRQHandler                          0x0800011b   Thumb Code     0  startup_stm32f10x_md.o(.text)
    TAMPER_IRQHandler                        0x0800011b   Thumb Code     0  startup_stm32f10x_md.o(.text)
    TIM1_BRK_IRQHandler                      0x0800011b   Thumb Code     0  startup_stm32f10x_md.o(.text)
    TIM1_CC_IRQHandler                       0x0800011b   Thumb Code     0  startup_stm32f10x_md.o(.text)
    TIM1_TRG_COM_IRQHandler                  0x0800011b   Thumb Code     0  startup_stm32f10x_md.o(.text)
    TIM1_UP_IRQHandler                       0x0800011b   Thumb Code     0  startup_stm32f10x_md.o(.text)
    TIM2_IRQHandler                          0x0800011b   Thumb Code     0  startup_stm32f10x_md.o(.text)
    TIM3_IRQHandler                          0x0800011b   Thumb Code     0  startup_stm32f10x_md.o(.text)
    TIM4_IRQHandler                          0x0800011b   Thumb Code     0  startup_stm32f10x_md.o(.text)
    USART3_IRQHandler                        0x0800011b   Thumb Code     0  startup_stm32f10x_md.o(.text)
    USBWakeUp_IRQHandler                     0x0800011b   Thumb Code     0  startup_stm32f10x_md.o(.text)
    USB_HP_CAN1_TX_IRQHandler                0x0800011b   Thumb Code     0  startup_stm32f10x_md.o(.text)
    USB_LP_CAN1_RX0_IRQHandler               0x0800011b   Thumb Code     0  startup_stm32f10x_md.o(.text)
    WWDG_IRQHandler                          0x0800011b   Thumb Code     0  startup_stm32f10x_md.o(.text)
    tolower                                  0x08000125   Thumb Code    12  tolower.o(.text)
    __aeabi_memcpy                           0x08000131   Thumb Code    36  memcpya.o(.text)
    __aeabi_memcpy4                          0x08000131   Thumb Code     0  memcpya.o(.text)
    __aeabi_memcpy8                          0x08000131   Thumb Code     0  memcpya.o(.text)
    __aeabi_memset                           0x08000155   Thumb Code    14  memseta.o(.text)
    __aeabi_memset4                          0x08000155   Thumb Code     0  memseta.o(.text)
    __aeabi_memset8                          0x08000155   Thumb Code     0  memseta.o(.text)
    __aeabi_memclr                           0x08000163   Thumb Code     4  memseta.o(.text)
    __aeabi_memclr4                          0x08000163   Thumb Code     0  memseta.o(.text)
    __aeabi_memclr8                          0x08000163   Thumb Code     0  memseta.o(.text)
    _memset$wrapper                          0x08000167   Thumb Code    18  memseta.o(.text)
    strcat                                   0x08000179   Thumb Code    24  strcat.o(.text)
    strstr                                   0x08000191   Thumb Code    36  strstr.o(.text)
    strchr                                   0x080001b5   Thumb Code    20  strchr.o(.text)
    strlen                                   0x080001c9   Thumb Code    14  strlen.o(.text)
    strncat                                  0x080001d7   Thumb Code    40  strncat.o(.text)
    strcpy                                   0x080001ff   Thumb Code    18  strcpy.o(.text)
    strncmp                                  0x08000211   Thumb Code    30  strncmp.o(.text)
    __aeabi_fadd                             0x0800022f   Thumb Code   164  fadd.o(.text)
    __aeabi_fsub                             0x080002d3   Thumb Code     6  fadd.o(.text)
    __aeabi_frsub                            0x080002d9   Thumb Code     6  fadd.o(.text)
    __aeabi_fmul                             0x080002df   Thumb Code   100  fmul.o(.text)
    __aeabi_fdiv                             0x08000343   Thumb Code   124  fdiv.o(.text)
    __aeabi_dadd                             0x080003bf   Thumb Code   322  dadd.o(.text)
    __aeabi_dsub                             0x08000501   Thumb Code     6  dadd.o(.text)
    __aeabi_drsub                            0x08000507   Thumb Code     6  dadd.o(.text)
    __aeabi_dmul                             0x0800050d   Thumb Code   228  dmul.o(.text)
    __aeabi_i2f                              0x080005f1   Thumb Code    18  fflti.o(.text)
    __aeabi_ui2f                             0x08000603   Thumb Code    10  ffltui.o(.text)
    __aeabi_i2d                              0x0800060d   Thumb Code    34  dflti.o(.text)
    __aeabi_f2uiz                            0x0800062f   Thumb Code    40  ffixui.o(.text)
    __aeabi_d2iz                             0x08000657   Thumb Code    62  dfixi.o(.text)
    __aeabi_f2d                              0x08000695   Thumb Code    38  f2d.o(.text)
    __aeabi_cdrcmple                         0x080006bd   Thumb Code    48  cdrcmple.o(.text)
    __aeabi_d2f                              0x080006ed   Thumb Code    56  d2f.o(.text)
    __aeabi_cfcmpeq                          0x08000725   Thumb Code     0  cfcmple.o(.text)
    __aeabi_cfcmple                          0x08000725   Thumb Code    20  cfcmple.o(.text)
    __aeabi_cfrcmple                         0x08000739   Thumb Code    20  cfrcmple.o(.text)
    __aeabi_uidiv                            0x0800074d   Thumb Code     0  uidiv.o(.text)
    __aeabi_uidivmod                         0x0800074d   Thumb Code    44  uidiv.o(.text)
    __aeabi_uldivmod                         0x08000779   Thumb Code    98  uldiv.o(.text)
    __aeabi_llsl                             0x080007db   Thumb Code    30  llshl.o(.text)
    _ll_shift_l                              0x080007db   Thumb Code     0  llshl.o(.text)
    __aeabi_llsr                             0x080007f9   Thumb Code    32  llushr.o(.text)
    _ll_ushift_r                             0x080007f9   Thumb Code     0  llushr.o(.text)
    __aeabi_lasr                             0x08000819   Thumb Code    36  llsshr.o(.text)
    _ll_sshift_r                             0x08000819   Thumb Code     0  llsshr.o(.text)
    __I$use$fp                               0x0800083d   Thumb Code     0  iusefp.o(.text)
    _float_round                             0x0800083d   Thumb Code    18  fepilogue.o(.text)
    _float_epilogue                          0x0800084f   Thumb Code    92  fepilogue.o(.text)
    _double_round                            0x080008ab   Thumb Code    30  depilogue.o(.text)
    _double_epilogue                         0x080008c9   Thumb Code   156  depilogue.o(.text)
    __aeabi_ddiv                             0x08000965   Thumb Code   222  ddiv.o(.text)
    __ARM_scalbn                             0x08000a43   Thumb Code    46  dscalb.o(.text)
    scalbn                                   0x08000a43   Thumb Code     0  dscalb.o(.text)
    __aeabi_d2ulz                            0x08000a71   Thumb Code    48  dfixul.o(.text)
    __scatterload                            0x08000aa1   Thumb Code    28  init.o(.text)
    __scatterload_rt2                        0x08000aa1   Thumb Code     0  init.o(.text)
    _dsqrt                                   0x08000ac5   Thumb Code   162  dsqrt.o(.text)
    ADC_Cmd                                  0x08000b67   Thumb Code    22  stm32f10x_adc.o(i.ADC_Cmd)
    ADC_GetCalibrationStatus                 0x08000b7d   Thumb Code    20  stm32f10x_adc.o(i.ADC_GetCalibrationStatus)
    ADC_GetConversionValue                   0x08000b91   Thumb Code     8  stm32f10x_adc.o(i.ADC_GetConversionValue)
    ADC_GetFlagStatus                        0x08000b99   Thumb Code    18  stm32f10x_adc.o(i.ADC_GetFlagStatus)
    ADC_GetResetCalibrationStatus            0x08000bab   Thumb Code    20  stm32f10x_adc.o(i.ADC_GetResetCalibrationStatus)
    ADC_Init                                 0x08000bc1   Thumb Code    70  stm32f10x_adc.o(i.ADC_Init)
    ADC_RegularChannelConfig                 0x08000c11   Thumb Code   184  stm32f10x_adc.o(i.ADC_RegularChannelConfig)
    ADC_ResetCalibration                     0x08000cc9   Thumb Code    10  stm32f10x_adc.o(i.ADC_ResetCalibration)
    ADC_SoftwareStartConvCmd                 0x08000cd3   Thumb Code    22  stm32f10x_adc.o(i.ADC_SoftwareStartConvCmd)
    ADC_StartCalibration                     0x08000ce9   Thumb Code    10  stm32f10x_adc.o(i.ADC_StartCalibration)
    AD_GetValue                              0x08000cf5   Thumb Code    32  ad.o(i.AD_GetValue)
    AD_Init                                  0x08000d19   Thumb Code   150  ad.o(i.AD_Init)
    ASR_Recognition                          0x08000db9   Thumb Code    92  main.o(i.ASR_Recognition)
    BASE64_Decode                            0x08000e1d   Thumb Code   360  base64.o(i.BASE64_Decode)
    BASE64_Encode                            0x08000f89   Thumb Code   320  base64.o(i.BASE64_Encode)
    BusFault_Handler                         0x080010cd   Thumb Code     4  stm32f10x_it.o(i.BusFault_Handler)
    DHT_GPIO_SET_INPUT                       0x080010d1   Thumb Code    38  dht11.o(i.DHT_GPIO_SET_INPUT)
    DHT_GPIO_SET_OUTPUT                      0x080010fd   Thumb Code    38  dht11.o(i.DHT_GPIO_SET_OUTPUT)
    DHT_Read                                 0x08001129   Thumb Code   180  dht11.o(i.DHT_Read)
    DHT_Read_Byte                            0x080011e5   Thumb Code   114  dht11.o(i.DHT_Read_Byte)
    DebugMon_Handler                         0x0800125d   Thumb Code     2  stm32f10x_it.o(i.DebugMon_Handler)
    ESP8266_Clear                            0x08001261   Thumb Code    20  esp8266.o(i.ESP8266_Clear)
    ESP8266_GetIPD                           0x0800127d   Thumb Code    68  esp8266.o(i.ESP8266_GetIPD)
    ESP8266_Init                             0x080012cd   Thumb Code   144  esp8266.o(i.ESP8266_Init)
    ESP8266_SendCmd                          0x0800140d   Thumb Code    76  esp8266.o(i.ESP8266_SendCmd)
    ESP8266_SendData                         0x08001461   Thumb Code    46  esp8266.o(i.ESP8266_SendData)
    ESP8266_WaitRecive                       0x080014a9   Thumb Code    42  esp8266.o(i.ESP8266_WaitRecive)
    EXTI9_5_IRQHandler                       0x080014dd   Thumb Code    34  reg_rw.o(i.EXTI9_5_IRQHandler)
    EXTIX_Init                               0x080014ff   Thumb Code    78  reg_rw.o(i.EXTIX_Init)
    EXTI_ClearFlag                           0x0800154d   Thumb Code     6  stm32f10x_exti.o(i.EXTI_ClearFlag)
    EXTI_ClearITPendingBit                   0x08001559   Thumb Code     6  stm32f10x_exti.o(i.EXTI_ClearITPendingBit)
    EXTI_GetITStatus                         0x08001565   Thumb Code    34  stm32f10x_exti.o(i.EXTI_GetITStatus)
    EXTI_Init                                0x0800158d   Thumb Code   142  stm32f10x_exti.o(i.EXTI_Init)
    FAN_Init                                 0x08001621   Thumb Code   140  fan.o(i.FAN_Init)
    FAN_SetCompare3                          0x080016b5   Thumb Code    14  fan.o(i.FAN_SetCompare3)
    GPIO_EXTILineConfig                      0x080016c9   Thumb Code    60  stm32f10x_gpio.o(i.GPIO_EXTILineConfig)
    GPIO_Init                                0x08001709   Thumb Code   278  stm32f10x_gpio.o(i.GPIO_Init)
    GPIO_PinRemapConfig                      0x08001821   Thumb Code   138  stm32f10x_gpio.o(i.GPIO_PinRemapConfig)
    GPIO_ReadInputDataBit                    0x080018b1   Thumb Code    18  stm32f10x_gpio.o(i.GPIO_ReadInputDataBit)
    GPIO_ResetBits                           0x080018c3   Thumb Code     4  stm32f10x_gpio.o(i.GPIO_ResetBits)
    GPIO_SetBits                             0x080018c7   Thumb Code     4  stm32f10x_gpio.o(i.GPIO_SetBits)
    GPIO_WriteBit                            0x080018cb   Thumb Code    10  stm32f10x_gpio.o(i.GPIO_WriteBit)
    HardFault_Handler                        0x080018d5   Thumb Code     4  stm32f10x_it.o(i.HardFault_Handler)
    IWDG_Enable                              0x080018d9   Thumb Code    10  stm32f10x_iwdg.o(i.IWDG_Enable)
    IWDG_ReloadCounter                       0x080018e9   Thumb Code    10  stm32f10x_iwdg.o(i.IWDG_ReloadCounter)
    IWDG_SetPrescaler                        0x080018f9   Thumb Code     6  stm32f10x_iwdg.o(i.IWDG_SetPrescaler)
    IWDG_SetReload                           0x08001905   Thumb Code     6  stm32f10x_iwdg.o(i.IWDG_SetReload)
    IWDG_WriteAccessCmd                      0x08001911   Thumb Code     6  stm32f10x_iwdg.o(i.IWDG_WriteAccessCmd)
    LD3320_Init                              0x0800191d   Thumb Code   130  reg_rw.o(i.LD3320_Init)
    LD_AsrAddFixed                           0x080019a9   Thumb Code   174  ldchip.o(i.LD_AsrAddFixed)
    LD_AsrRun                                0x08001a6d   Thumb Code   128  ldchip.o(i.LD_AsrRun)
    LD_AsrStart                              0x08001aed   Thumb Code     8  ldchip.o(i.LD_AsrStart)
    LD_Check_ASRBusyFlag_b2                  0x08001af5   Thumb Code    44  ldchip.o(i.LD_Check_ASRBusyFlag_b2)
    LD_GetResult                             0x08001b21   Thumb Code    10  ldchip.o(i.LD_GetResult)
    LD_Init_ASR                              0x08001b2d   Thumb Code   106  ldchip.o(i.LD_Init_ASR)
    LD_Init_Common                           0x08001b9d   Thumb Code   200  ldchip.o(i.LD_Init_Common)
    LD_ReadReg                               0x08001c69   Thumb Code   250  reg_rw.o(i.LD_ReadReg)
    LD_Reset                                 0x08001d6d   Thumb Code    70  ldchip.o(i.LD_Reset)
    LD_WriteReg                              0x08001dbd   Thumb Code   244  reg_rw.o(i.LD_WriteReg)
    LED_GetCapture2                          0x08001eb9   Thumb Code    12  led.o(i.LED_GetCapture2)
    LED_Init                                 0x08001ec5   Thumb Code   146  led.o(i.LED_Init)
    LED_PID_Controller                       0x08001f5d   Thumb Code   214  led.o(i.LED_PID_Controller)
    LED_SetCompare2                          0x08002055   Thumb Code    16  led.o(i.LED_SetCompare2)
    MQTT_DeleteBuffer                        0x08002065   Thumb Code    28  mqttkit.o(i.MQTT_DeleteBuffer)
    MQTT_DumpLength                          0x08002081   Thumb Code    46  mqttkit.o(i.MQTT_DumpLength)
    MQTT_NewBuffer                           0x080020af   Thumb Code    88  mqttkit.o(i.MQTT_NewBuffer)
    MQTT_PacketConnect                       0x08002109   Thumb Code   666  mqttkit.o(i.MQTT_PacketConnect)
    MQTT_PacketPublish                       0x080023a9   Thumb Code   440  mqttkit.o(i.MQTT_PacketPublish)
    MQTT_PacketSaveData                      0x08002561   Thumb Code    68  mqttkit.o(i.MQTT_PacketSaveData)
    MQTT_PacketSubscribe                     0x080025c5   Thumb Code   254  mqttkit.o(i.MQTT_PacketSubscribe)
    MQTT_ReadLength                          0x080026c3   Thumb Code    70  mqttkit.o(i.MQTT_ReadLength)
    MQTT_UnPacketConnectAck                  0x08002709   Thumb Code    30  mqttkit.o(i.MQTT_UnPacketConnectAck)
    MQTT_UnPacketPublish                     0x08002729   Thumb Code   438  mqttkit.o(i.MQTT_UnPacketPublish)
    MQTT_UnPacketPublishAck                  0x080028e9   Thumb Code    30  mqttkit.o(i.MQTT_UnPacketPublishAck)
    MQTT_UnPacketRecv                        0x08002909   Thumb Code   106  mqttkit.o(i.MQTT_UnPacketRecv)
    MQTT_UnPacketSubscribe                   0x0800297d   Thumb Code    52  mqttkit.o(i.MQTT_UnPacketSubscribe)
    MemManage_Handler                        0x080029b1   Thumb Code     4  stm32f10x_it.o(i.MemManage_Handler)
    NMI_Handler                              0x080029b5   Thumb Code     2  stm32f10x_it.o(i.NMI_Handler)
    NVIC_Init                                0x080029b9   Thumb Code   100  misc.o(i.NVIC_Init)
    NVIC_PriorityGroupConfig                 0x08002a29   Thumb Code    10  misc.o(i.NVIC_PriorityGroupConfig)
    OLED_Clear                               0x08002a3d   Thumb Code    42  oled.o(i.OLED_Clear)
    OLED_I2C_Init                            0x08002a69   Thumb Code    72  oled.o(i.OLED_I2C_Init)
    OLED_I2C_SendByte                        0x08002ab5   Thumb Code    74  oled.o(i.OLED_I2C_SendByte)
    OLED_I2C_Start                           0x08002b05   Thumb Code    44  oled.o(i.OLED_I2C_Start)
    OLED_I2C_Stop                            0x08002b35   Thumb Code    34  oled.o(i.OLED_I2C_Stop)
    OLED_Init                                0x08002b5d   Thumb Code   174  oled.o(i.OLED_Init)
    OLED_Pow                                 0x08002c0b   Thumb Code    20  oled.o(i.OLED_Pow)
    OLED_SetCursor                           0x08002c1f   Thumb Code    34  oled.o(i.OLED_SetCursor)
    OLED_ShowChar                            0x08002c41   Thumb Code   110  oled.o(i.OLED_ShowChar)
    OLED_ShowNum                             0x08002cb5   Thumb Code    68  oled.o(i.OLED_ShowNum)
    OLED_ShowString                          0x08002cf9   Thumb Code    64  oled.o(i.OLED_ShowString)
    OLED_WriteCommand                        0x08002d39   Thumb Code    32  oled.o(i.OLED_WriteCommand)
    OLED_WriteData                           0x08002d59   Thumb Code    32  oled.o(i.OLED_WriteData)
    OneNET_Subscribe                         0x0800302d   Thumb Code    82  onenet.o(i.OneNET_Subscribe)
    OneNet_DevLink                           0x080030cd   Thumb Code   262  onenet.o(i.OneNet_DevLink)
    OneNet_FillBuf                           0x0800337d   Thumb Code   174  onenet.o(i.OneNet_FillBuf)
    OneNet_RevPro                            0x080034bd   Thumb Code   356  onenet.o(i.OneNet_RevPro)
    OneNet_SendData                          0x0800370d   Thumb Code   164  onenet.o(i.OneNet_SendData)
    PendSV_Handler                           0x08003839   Thumb Code     2  stm32f10x_it.o(i.PendSV_Handler)
    ProcessInt                               0x0800383d   Thumb Code   172  ldchip.o(i.ProcessInt)
    RCC_ADCCLKConfig                         0x080038f1   Thumb Code    18  stm32f10x_rcc.o(i.RCC_ADCCLKConfig)
    RCC_APB1PeriphClockCmd                   0x08003909   Thumb Code    26  stm32f10x_rcc.o(i.RCC_APB1PeriphClockCmd)
    RCC_APB2PeriphClockCmd                   0x08003929   Thumb Code    26  stm32f10x_rcc.o(i.RCC_APB2PeriphClockCmd)
    RCC_ClearFlag                            0x08003949   Thumb Code    14  stm32f10x_rcc.o(i.RCC_ClearFlag)
    RCC_GetClocksFreq                        0x0800395d   Thumb Code   192  stm32f10x_rcc.o(i.RCC_GetClocksFreq)
    RCC_GetFlagStatus                        0x08003a31   Thumb Code    56  stm32f10x_rcc.o(i.RCC_GetFlagStatus)
    RunASR                                   0x08003a6d   Thumb Code    80  ldchip.o(i.RunASR)
    SVC_Handler                              0x08003abd   Thumb Code     2  stm32f10x_it.o(i.SVC_Handler)
    SysTick_CLKSourceConfig                  0x08003ba9   Thumb Code    40  misc.o(i.SysTick_CLKSourceConfig)
    SysTick_Handler                          0x08003bd1   Thumb Code     2  stm32f10x_it.o(i.SysTick_Handler)
    SystemInit                               0x08003bd5   Thumb Code    78  system_stm32f10x.o(i.SystemInit)
    TIM_Cmd                                  0x08003c35   Thumb Code    24  stm32f10x_tim.o(i.TIM_Cmd)
    TIM_GetCapture2                          0x08003c4d   Thumb Code     6  stm32f10x_tim.o(i.TIM_GetCapture2)
    TIM_InternalClockConfig                  0x08003c53   Thumb Code    12  stm32f10x_tim.o(i.TIM_InternalClockConfig)
    TIM_OC2Init                              0x08003c61   Thumb Code   154  stm32f10x_tim.o(i.TIM_OC2Init)
    TIM_OC3Init                              0x08003d05   Thumb Code   150  stm32f10x_tim.o(i.TIM_OC3Init)
    TIM_OCStructInit                         0x08003da5   Thumb Code    20  stm32f10x_tim.o(i.TIM_OCStructInit)
    TIM_SetCompare2                          0x08003db9   Thumb Code     4  stm32f10x_tim.o(i.TIM_SetCompare2)
    TIM_SetCompare3                          0x08003dbd   Thumb Code     4  stm32f10x_tim.o(i.TIM_SetCompare3)
    TIM_TimeBaseInit                         0x08003dc1   Thumb Code   122  stm32f10x_tim.o(i.TIM_TimeBaseInit)
    USART1_IRQHandler                        0x08003e65   Thumb Code   122  usart.o(i.USART1_IRQHandler)
    USART2_IRQHandler                        0x08003eed   Thumb Code    64  esp8266.o(i.USART2_IRQHandler)
    USART_ClearFlag                          0x08003f39   Thumb Code    18  stm32f10x_usart.o(i.USART_ClearFlag)
    USART_Cmd                                0x08003f4b   Thumb Code    24  stm32f10x_usart.o(i.USART_Cmd)
    USART_GetFlagStatus                      0x08003f63   Thumb Code    26  stm32f10x_usart.o(i.USART_GetFlagStatus)
    USART_GetITStatus                        0x08003f7d   Thumb Code    84  stm32f10x_usart.o(i.USART_GetITStatus)
    USART_ITConfig                           0x08003fd1   Thumb Code    74  stm32f10x_usart.o(i.USART_ITConfig)
    USART_Init                               0x0800401d   Thumb Code   210  stm32f10x_usart.o(i.USART_Init)
    USART_ReceiveData                        0x080040f5   Thumb Code    10  stm32f10x_usart.o(i.USART_ReceiveData)
    USART_SendData                           0x080040ff   Thumb Code     8  stm32f10x_usart.o(i.USART_SendData)
    UsageFault_Handler                       0x08004107   Thumb Code     4  stm32f10x_it.o(i.UsageFault_Handler)
    UsartPrintf                              0x0800410b   Thumb Code    72  usart.o(i.UsartPrintf)
    Usart_SendString                         0x08004153   Thumb Code    50  usart.o(i.Usart_SendString)
    User_Modification                        0x08004185   Thumb Code   360  main.o(i.User_Modification)
    __0printf                                0x08004425   Thumb Code    22  printfa.o(i.__0printf)
    __1printf                                0x08004425   Thumb Code     0  printfa.o(i.__0printf)
    __2printf                                0x08004425   Thumb Code     0  printfa.o(i.__0printf)
    __c89printf                              0x08004425   Thumb Code     0  printfa.o(i.__0printf)
    printf                                   0x08004425   Thumb Code     0  printfa.o(i.__0printf)
    __0snprintf                              0x08004445   Thumb Code    36  printfa.o(i.__0snprintf)
    __1snprintf                              0x08004445   Thumb Code     0  printfa.o(i.__0snprintf)
    __2snprintf                              0x08004445   Thumb Code     0  printfa.o(i.__0snprintf)
    __c89snprintf                            0x08004445   Thumb Code     0  printfa.o(i.__0snprintf)
    snprintf                                 0x08004445   Thumb Code     0  printfa.o(i.__0snprintf)
    __0sprintf                               0x0800446d   Thumb Code    34  printfa.o(i.__0sprintf)
    __1sprintf                               0x0800446d   Thumb Code     0  printfa.o(i.__0sprintf)
    __2sprintf                               0x0800446d   Thumb Code     0  printfa.o(i.__0sprintf)
    __c89sprintf                             0x0800446d   Thumb Code     0  printfa.o(i.__0sprintf)
    sprintf                                  0x0800446d   Thumb Code     0  printfa.o(i.__0sprintf)
    __0vsnprintf                             0x08004495   Thumb Code    32  printfa.o(i.__0vsnprintf)
    __1vsnprintf                             0x08004495   Thumb Code     0  printfa.o(i.__0vsnprintf)
    __2vsnprintf                             0x08004495   Thumb Code     0  printfa.o(i.__0vsnprintf)
    __c89vsnprintf                           0x08004495   Thumb Code     0  printfa.o(i.__0vsnprintf)
    vsnprintf                                0x08004495   Thumb Code     0  printfa.o(i.__0vsnprintf)
    __ARM_fpclassify                         0x080044b9   Thumb Code    40  fpclassify.o(i.__ARM_fpclassify)
    __kernel_poly                            0x080044e1   Thumb Code   170  poly.o(i.__kernel_poly)
    __mathlib_dbl_divzero                    0x0800458d   Thumb Code    12  dunder.o(i.__mathlib_dbl_divzero)
    __mathlib_dbl_infnan2                    0x0800459d   Thumb Code     4  dunder.o(i.__mathlib_dbl_infnan2)
    __mathlib_dbl_invalid                    0x080045a1   Thumb Code    12  dunder.o(i.__mathlib_dbl_invalid)
    __mathlib_dbl_overflow                   0x080045ad   Thumb Code    14  dunder.o(i.__mathlib_dbl_overflow)
    __mathlib_dbl_underflow                  0x080045bd   Thumb Code    10  dunder.o(i.__mathlib_dbl_underflow)
    __scatterload_copy                       0x080045cd   Thumb Code    14  handlers.o(i.__scatterload_copy)
    __scatterload_null                       0x080045db   Thumb Code     2  handlers.o(i.__scatterload_null)
    __scatterload_zeroinit                   0x080045dd   Thumb Code    14  handlers.o(i.__scatterload_zeroinit)
    __set_errno                              0x080045ed   Thumb Code     6  errno.o(i.__set_errno)
    cJSON_Delete                             0x08004ead   Thumb Code    82  cjson.o(i.cJSON_Delete)
    cJSON_GetObjectItem                      0x08004f05   Thumb Code    30  cjson.o(i.cJSON_GetObjectItem)
    cJSON_Parse                              0x08004f45   Thumb Code    16  cjson.o(i.cJSON_Parse)
    cJSON_ParseWithOpts                      0x08004f55   Thumb Code    96  cjson.o(i.cJSON_ParseWithOpts)
    delay_init                               0x08005005   Thumb Code    50  delay.o(i.delay_init)
    delay_ms                                 0x08005049   Thumb Code    72  delay.o(i.delay_ms)
    delay_us                                 0x08005095   Thumb Code    72  delay.o(i.delay_us)
    fputc                                    0x080050e1   Thumb Code    24  usart.o(i.fputc)
    free                                     0x080050fd   Thumb Code    76  malloc.o(i.free)
    ft                                       0x0800514d   Thumb Code    76  hmac_sha1.o(i.ft)
    hmac_sha1                                0x08005199   Thumb Code   302  hmac_sha1.o(i.hmac_sha1)
    k                                        0x080052c9   Thumb Code    34  hmac_sha1.o(i.k)
    main                                     0x080052fd   Thumb Code   636  main.o(i.main)
    malloc                                   0x080056a9   Thumb Code    92  malloc.o(i.malloc)
    pow                                      0x08005e2d   Thumb Code  2478  pow.o(i.pow)
    rotl                                     0x080067e5   Thumb Code    46  hmac_sha1.o(i.rotl)
    sha1                                     0x08006815   Thumb Code   632  hmac_sha1.o(i.sha1)
    sqrt                                     0x08006aab   Thumb Code    76  sqrt.o(i.sqrt)
    uart1_init                               0x08006af9   Thumb Code   154  usart.o(i.uart1_init)
    uart2_init                               0x08006b9d   Thumb Code   160  usart.o(i.uart2_init)
    OLED_F8x16                               0x08006d5c   Data        1520  oled.o(.constdata)
    __mathlib_zero                           0x080074a0   Data           8  qnan.o(.constdata)
    Region$$Table$$Base                      0x080074f0   Number         0  anon$$obj.o(Region$$Table)
    Region$$Table$$Limit                     0x08007510   Number         0  anon$$obj.o(Region$$Table)
    nAsrStatus                               0x20000000   Data           1  main.o(.data)
    nAsrRes                                  0x20000001   Data           1  main.o(.data)
    flag                                     0x20000002   Data           1  main.o(.data)
    Light_Value                              0x20000004   Data           2  main.o(.data)
    LED_Status                               0x20000006   Data           1  main.o(.data)
    LED_PID_Status                           0x20000007   Data           1  main.o(.data)
    FAN_Status                               0x20000008   Data           1  main.o(.data)
    SystemCoreClock                          0x2000000c   Data           4  system_stm32f10x.o(.data)
    AHBPrescTable                            0x20000010   Data          16  system_stm32f10x.o(.data)
    __stdout                                 0x20000024   Data           4  usart.o(.data)
    USART_RX_STA                             0x20000028   Data           2  usart.o(.data)
    nLD_Mode                                 0x2000003e   Data           1  ldchip.o(.data)
    ucRegVal                                 0x2000003f   Data           1  ldchip.o(.data)
    previousError                            0x20000040   Data           4  led.o(.data)
    integral                                 0x20000044   Data           4  led.o(.data)
    Data                                     0x20000048   Data           5  dht11.o(.data)
    esp8266_cnt                              0x2000004e   Data           2  esp8266.o(.data)
    esp8266_cntPre                           0x20000050   Data           2  esp8266.o(.data)
    __microlib_freelist                      0x20000060   Data           4  mvars.o(.data)
    __microlib_freelist_initialised          0x20000064   Data           4  mvars.o(.data)
    USART_RX_BUF                             0x2000006c   Data         200  usart.o(.bss)
    esp8266_buf                              0x20000134   Data         512  esp8266.o(.bss)
    __heap_base                              0x20000338   Data           0  startup_stm32f10x_md.o(HEAP)
    __heap_limit                             0x20000538   Data           0  startup_stm32f10x_md.o(HEAP)
    __initial_sp                             0x20000d38   Data           0  startup_stm32f10x_md.o(STACK)



==============================================================================

Memory Map of the image

  Image Entry point : 0x08000101

  Load Region LR_1 (Base: 0x08000000, Size: 0x0000757c, Max: 0xffffffff, ABSOLUTE)

    Execution Region ER_RO (Base: 0x08000000, Size: 0x00007510, Max: 0xffffffff, ABSOLUTE)

    Base Addr    Size         Type   Attr      Idx    E Section Name        Object

    0x08000000   0x000000ec   Data   RO          413    RESET               startup_stm32f10x_md.o
    0x080000ec   0x00000000   Code   RO         4493  * .ARM.Collect$$$$00000000  mc_w.l(entry.o)
    0x080000ec   0x00000004   Code   RO         4872    .ARM.Collect$$$$00000001  mc_w.l(entry2.o)
    0x080000f0   0x00000004   Code   RO         4875    .ARM.Collect$$$$00000004  mc_w.l(entry5.o)
    0x080000f4   0x00000000   Code   RO         4877    .ARM.Collect$$$$00000008  mc_w.l(entry7b.o)
    0x080000f4   0x00000000   Code   RO         4879    .ARM.Collect$$$$0000000A  mc_w.l(entry8b.o)
    0x080000f4   0x00000008   Code   RO         4880    .ARM.Collect$$$$0000000B  mc_w.l(entry9a.o)
    0x080000fc   0x00000000   Code   RO         4882    .ARM.Collect$$$$0000000D  mc_w.l(entry10a.o)
    0x080000fc   0x00000000   Code   RO         4884    .ARM.Collect$$$$0000000F  mc_w.l(entry11a.o)
    0x080000fc   0x00000004   Code   RO         4873    .ARM.Collect$$$$00002712  mc_w.l(entry2.o)
    0x08000100   0x00000024   Code   RO          414  * .text               startup_stm32f10x_md.o
    0x08000124   0x0000000c   Code   RO         4496    .text               mc_w.l(tolower.o)
    0x08000130   0x00000024   Code   RO         4498    .text               mc_w.l(memcpya.o)
    0x08000154   0x00000024   Code   RO         4500    .text               mc_w.l(memseta.o)
    0x08000178   0x00000018   Code   RO         4502    .text               mc_w.l(strcat.o)
    0x08000190   0x00000024   Code   RO         4504    .text               mc_w.l(strstr.o)
    0x080001b4   0x00000014   Code   RO         4506    .text               mc_w.l(strchr.o)
    0x080001c8   0x0000000e   Code   RO         4508    .text               mc_w.l(strlen.o)
    0x080001d6   0x00000028   Code   RO         4510    .text               mc_w.l(strncat.o)
    0x080001fe   0x00000012   Code   RO         4512    .text               mc_w.l(strcpy.o)
    0x08000210   0x0000001e   Code   RO         4514    .text               mc_w.l(strncmp.o)
    0x0800022e   0x000000b0   Code   RO         4813    .text               mf_w.l(fadd.o)
    0x080002de   0x00000064   Code   RO         4815    .text               mf_w.l(fmul.o)
    0x08000342   0x0000007c   Code   RO         4817    .text               mf_w.l(fdiv.o)
    0x080003be   0x0000014e   Code   RO         4819    .text               mf_w.l(dadd.o)
    0x0800050c   0x000000e4   Code   RO         4821    .text               mf_w.l(dmul.o)
    0x080005f0   0x00000012   Code   RO         4823    .text               mf_w.l(fflti.o)
    0x08000602   0x0000000a   Code   RO         4825    .text               mf_w.l(ffltui.o)
    0x0800060c   0x00000022   Code   RO         4827    .text               mf_w.l(dflti.o)
    0x0800062e   0x00000028   Code   RO         4829    .text               mf_w.l(ffixui.o)
    0x08000656   0x0000003e   Code   RO         4831    .text               mf_w.l(dfixi.o)
    0x08000694   0x00000026   Code   RO         4833    .text               mf_w.l(f2d.o)
    0x080006ba   0x00000002   PAD
    0x080006bc   0x00000030   Code   RO         4837    .text               mf_w.l(cdrcmple.o)
    0x080006ec   0x00000038   Code   RO         4839    .text               mf_w.l(d2f.o)
    0x08000724   0x00000014   Code   RO         4841    .text               mf_w.l(cfcmple.o)
    0x08000738   0x00000014   Code   RO         4843    .text               mf_w.l(cfrcmple.o)
    0x0800074c   0x0000002c   Code   RO         4886    .text               mc_w.l(uidiv.o)
    0x08000778   0x00000062   Code   RO         4888    .text               mc_w.l(uldiv.o)
    0x080007da   0x0000001e   Code   RO         4890    .text               mc_w.l(llshl.o)
    0x080007f8   0x00000020   Code   RO         4892    .text               mc_w.l(llushr.o)
    0x08000818   0x00000024   Code   RO         4894    .text               mc_w.l(llsshr.o)
    0x0800083c   0x00000000   Code   RO         4911    .text               mc_w.l(iusefp.o)
    0x0800083c   0x0000006e   Code   RO         4912    .text               mf_w.l(fepilogue.o)
    0x080008aa   0x000000ba   Code   RO         4914    .text               mf_w.l(depilogue.o)
    0x08000964   0x000000de   Code   RO         4916    .text               mf_w.l(ddiv.o)
    0x08000a42   0x0000002e   Code   RO         4918    .text               mf_w.l(dscalb.o)
    0x08000a70   0x00000030   Code   RO         4920    .text               mf_w.l(dfixul.o)
    0x08000aa0   0x00000024   Code   RO         4922    .text               mc_w.l(init.o)
    0x08000ac4   0x000000a2   Code   RO         4928    .text               mf_w.l(dsqrt.o)
    0x08000b66   0x00000016   Code   RO          460    i.ADC_Cmd           stm32f10x_adc.o
    0x08000b7c   0x00000014   Code   RO          468    i.ADC_GetCalibrationStatus  stm32f10x_adc.o
    0x08000b90   0x00000008   Code   RO          469    i.ADC_GetConversionValue  stm32f10x_adc.o
    0x08000b98   0x00000012   Code   RO          471    i.ADC_GetFlagStatus  stm32f10x_adc.o
    0x08000baa   0x00000014   Code   RO          474    i.ADC_GetResetCalibrationStatus  stm32f10x_adc.o
    0x08000bbe   0x00000002   PAD
    0x08000bc0   0x00000050   Code   RO          478    i.ADC_Init          stm32f10x_adc.o
    0x08000c10   0x000000b8   Code   RO          482    i.ADC_RegularChannelConfig  stm32f10x_adc.o
    0x08000cc8   0x0000000a   Code   RO          483    i.ADC_ResetCalibration  stm32f10x_adc.o
    0x08000cd2   0x00000016   Code   RO          485    i.ADC_SoftwareStartConvCmd  stm32f10x_adc.o
    0x08000ce8   0x0000000a   Code   RO          487    i.ADC_StartCalibration  stm32f10x_adc.o
    0x08000cf2   0x00000002   PAD
    0x08000cf4   0x00000024   Code   RO         3677    i.AD_GetValue       ad.o
    0x08000d18   0x000000a0   Code   RO         3678    i.AD_Init           ad.o
    0x08000db8   0x00000064   Code   RO            1    i.ASR_Recognition   main.o
    0x08000e1c   0x0000016c   Code   RO         3931    i.BASE64_Decode     base64.o
    0x08000f88   0x00000144   Code   RO         3932    i.BASE64_Encode     base64.o
    0x080010cc   0x00000004   Code   RO          161    i.BusFault_Handler  stm32f10x_it.o
    0x080010d0   0x0000002c   Code   RO         3533    i.DHT_GPIO_SET_INPUT  dht11.o
    0x080010fc   0x0000002c   Code   RO         3534    i.DHT_GPIO_SET_OUTPUT  dht11.o
    0x08001128   0x000000bc   Code   RO         3535    i.DHT_Read          dht11.o
    0x080011e4   0x00000078   Code   RO         3536    i.DHT_Read_Byte     dht11.o
    0x0800125c   0x00000002   Code   RO          162    i.DebugMon_Handler  stm32f10x_it.o
    0x0800125e   0x00000002   PAD
    0x08001260   0x0000001c   Code   RO         3695    i.ESP8266_Clear     esp8266.o
    0x0800127c   0x00000050   Code   RO         3696    i.ESP8266_GetIPD    esp8266.o
    0x080012cc   0x00000140   Code   RO         3697    i.ESP8266_Init      esp8266.o
    0x0800140c   0x00000054   Code   RO         3698    i.ESP8266_SendCmd   esp8266.o
    0x08001460   0x00000048   Code   RO         3699    i.ESP8266_SendData  esp8266.o
    0x080014a8   0x00000034   Code   RO         3700    i.ESP8266_WaitRecive  esp8266.o
    0x080014dc   0x00000022   Code   RO         3456    i.EXTI9_5_IRQHandler  reg_rw.o
    0x080014fe   0x0000004e   Code   RO         3457    i.EXTIX_Init        reg_rw.o
    0x0800154c   0x0000000c   Code   RO         1215    i.EXTI_ClearFlag    stm32f10x_exti.o
    0x08001558   0x0000000c   Code   RO         1216    i.EXTI_ClearITPendingBit  stm32f10x_exti.o
    0x08001564   0x00000028   Code   RO         1220    i.EXTI_GetITStatus  stm32f10x_exti.o
    0x0800158c   0x00000094   Code   RO         1221    i.EXTI_Init         stm32f10x_exti.o
    0x08001620   0x00000094   Code   RO         4456    i.FAN_Init          fan.o
    0x080016b4   0x00000014   Code   RO         4457    i.FAN_SetCompare3   fan.o
    0x080016c8   0x00000040   Code   RO         1566    i.GPIO_EXTILineConfig  stm32f10x_gpio.o
    0x08001708   0x00000116   Code   RO         1569    i.GPIO_Init         stm32f10x_gpio.o
    0x0800181e   0x00000002   PAD
    0x08001820   0x00000090   Code   RO         1571    i.GPIO_PinRemapConfig  stm32f10x_gpio.o
    0x080018b0   0x00000012   Code   RO         1573    i.GPIO_ReadInputDataBit  stm32f10x_gpio.o
    0x080018c2   0x00000004   Code   RO         1576    i.GPIO_ResetBits    stm32f10x_gpio.o
    0x080018c6   0x00000004   Code   RO         1577    i.GPIO_SetBits      stm32f10x_gpio.o
    0x080018ca   0x0000000a   Code   RO         1580    i.GPIO_WriteBit     stm32f10x_gpio.o
    0x080018d4   0x00000004   Code   RO          163    i.HardFault_Handler  stm32f10x_it.o
    0x080018d8   0x00000010   Code   RO         1881    i.IWDG_Enable       stm32f10x_iwdg.o
    0x080018e8   0x00000010   Code   RO         1883    i.IWDG_ReloadCounter  stm32f10x_iwdg.o
    0x080018f8   0x0000000c   Code   RO         1884    i.IWDG_SetPrescaler  stm32f10x_iwdg.o
    0x08001904   0x0000000c   Code   RO         1885    i.IWDG_SetReload    stm32f10x_iwdg.o
    0x08001910   0x0000000c   Code   RO         1886    i.IWDG_WriteAccessCmd  stm32f10x_iwdg.o
    0x0800191c   0x0000008c   Code   RO         3458    i.LD3320_Init       reg_rw.o
    0x080019a8   0x000000c4   Code   RO         3385    i.LD_AsrAddFixed    ldchip.o
    0x08001a6c   0x00000080   Code   RO         3386    i.LD_AsrRun         ldchip.o
    0x08001aec   0x00000008   Code   RO         3387    i.LD_AsrStart       ldchip.o
    0x08001af4   0x0000002c   Code   RO         3388    i.LD_Check_ASRBusyFlag_b2  ldchip.o
    0x08001b20   0x0000000a   Code   RO         3389    i.LD_GetResult      ldchip.o
    0x08001b2a   0x00000002   PAD
    0x08001b2c   0x00000070   Code   RO         3390    i.LD_Init_ASR       ldchip.o
    0x08001b9c   0x000000cc   Code   RO         3391    i.LD_Init_Common    ldchip.o
    0x08001c68   0x00000104   Code   RO         3459    i.LD_ReadReg        reg_rw.o
    0x08001d6c   0x00000050   Code   RO         3392    i.LD_Reset          ldchip.o
    0x08001dbc   0x000000fc   Code   RO         3460    i.LD_WriteReg       reg_rw.o
    0x08001eb8   0x0000000c   Code   RO         3496    i.LED_GetCapture2   led.o
    0x08001ec4   0x00000098   Code   RO         3497    i.LED_Init          led.o
    0x08001f5c   0x000000f8   Code   RO         3498    i.LED_PID_Controller  led.o
    0x08002054   0x00000010   Code   RO         3499    i.LED_SetCompare2   led.o
    0x08002064   0x0000001c   Code   RO         3747    i.MQTT_DeleteBuffer  mqttkit.o
    0x08002080   0x0000002e   Code   RO         3748    i.MQTT_DumpLength   mqttkit.o
    0x080020ae   0x00000058   Code   RO         3749    i.MQTT_NewBuffer    mqttkit.o
    0x08002106   0x00000002   PAD
    0x08002108   0x000002a0   Code   RO         3751    i.MQTT_PacketConnect  mqttkit.o
    0x080023a8   0x000001b8   Code   RO         3754    i.MQTT_PacketPublish  mqttkit.o
    0x08002560   0x00000064   Code   RO         3760    i.MQTT_PacketSaveData  mqttkit.o
    0x080025c4   0x000000fe   Code   RO         3761    i.MQTT_PacketSubscribe  mqttkit.o
    0x080026c2   0x00000046   Code   RO         3763    i.MQTT_ReadLength   mqttkit.o
    0x08002708   0x0000001e   Code   RO         3765    i.MQTT_UnPacketConnectAck  mqttkit.o
    0x08002726   0x00000002   PAD
    0x08002728   0x000001c0   Code   RO         3766    i.MQTT_UnPacketPublish  mqttkit.o
    0x080028e8   0x0000001e   Code   RO         3767    i.MQTT_UnPacketPublishAck  mqttkit.o
    0x08002906   0x00000002   PAD
    0x08002908   0x00000074   Code   RO         3771    i.MQTT_UnPacketRecv  mqttkit.o
    0x0800297c   0x00000034   Code   RO         3772    i.MQTT_UnPacketSubscribe  mqttkit.o
    0x080029b0   0x00000004   Code   RO          164    i.MemManage_Handler  stm32f10x_it.o
    0x080029b4   0x00000002   Code   RO          165    i.NMI_Handler       stm32f10x_it.o
    0x080029b6   0x00000002   PAD
    0x080029b8   0x00000070   Code   RO          418    i.NVIC_Init         misc.o
    0x08002a28   0x00000014   Code   RO          419    i.NVIC_PriorityGroupConfig  misc.o
    0x08002a3c   0x0000002a   Code   RO         3569    i.OLED_Clear        oled.o
    0x08002a66   0x00000002   PAD
    0x08002a68   0x0000004c   Code   RO         3570    i.OLED_I2C_Init     oled.o
    0x08002ab4   0x00000050   Code   RO         3571    i.OLED_I2C_SendByte  oled.o
    0x08002b04   0x00000030   Code   RO         3572    i.OLED_I2C_Start    oled.o
    0x08002b34   0x00000028   Code   RO         3573    i.OLED_I2C_Stop     oled.o
    0x08002b5c   0x000000ae   Code   RO         3574    i.OLED_Init         oled.o
    0x08002c0a   0x00000014   Code   RO         3575    i.OLED_Pow          oled.o
    0x08002c1e   0x00000022   Code   RO         3576    i.OLED_SetCursor    oled.o
    0x08002c40   0x00000074   Code   RO         3578    i.OLED_ShowChar     oled.o
    0x08002cb4   0x00000044   Code   RO         3580    i.OLED_ShowNum      oled.o
    0x08002cf8   0x00000040   Code   RO         3582    i.OLED_ShowString   oled.o
    0x08002d38   0x00000020   Code   RO         3583    i.OLED_WriteCommand  oled.o
    0x08002d58   0x00000020   Code   RO         3584    i.OLED_WriteData    oled.o
    0x08002d78   0x00000118   Code   RO         4016    i.OTA_UrlEncode     onenet.o
    0x08002e90   0x0000019c   Code   RO         4017    i.OneNET_Authorization  onenet.o
    0x0800302c   0x000000a0   Code   RO         4020    i.OneNET_Subscribe  onenet.o
    0x080030cc   0x000002b0   Code   RO         4021    i.OneNet_DevLink    onenet.o
    0x0800337c   0x00000140   Code   RO         4022    i.OneNet_FillBuf    onenet.o
    0x080034bc   0x00000250   Code   RO         4023    i.OneNet_RevPro     onenet.o
    0x0800370c   0x0000012c   Code   RO         4024    i.OneNet_SendData   onenet.o
    0x08003838   0x00000002   Code   RO          166    i.PendSV_Handler    stm32f10x_it.o
    0x0800383a   0x00000002   PAD
    0x0800383c   0x000000b4   Code   RO         3393    i.ProcessInt        ldchip.o
    0x080038f0   0x00000018   Code   RO         1983    i.RCC_ADCCLKConfig  stm32f10x_rcc.o
    0x08003908   0x00000020   Code   RO         1985    i.RCC_APB1PeriphClockCmd  stm32f10x_rcc.o
    0x08003928   0x00000020   Code   RO         1987    i.RCC_APB2PeriphClockCmd  stm32f10x_rcc.o
    0x08003948   0x00000014   Code   RO         1991    i.RCC_ClearFlag     stm32f10x_rcc.o
    0x0800395c   0x000000d4   Code   RO         1995    i.RCC_GetClocksFreq  stm32f10x_rcc.o
    0x08003a30   0x0000003c   Code   RO         1996    i.RCC_GetFlagStatus  stm32f10x_rcc.o
    0x08003a6c   0x00000050   Code   RO         3394    i.RunASR            ldchip.o
    0x08003abc   0x00000002   Code   RO          167    i.SVC_Handler       stm32f10x_it.o
    0x08003abe   0x00000008   Code   RO          224    i.SetSysClock       system_stm32f10x.o
    0x08003ac6   0x00000002   PAD
    0x08003ac8   0x000000e0   Code   RO          225    i.SetSysClockTo72   system_stm32f10x.o
    0x08003ba8   0x00000028   Code   RO          422    i.SysTick_CLKSourceConfig  misc.o
    0x08003bd0   0x00000002   Code   RO          168    i.SysTick_Handler   stm32f10x_it.o
    0x08003bd2   0x00000002   PAD
    0x08003bd4   0x00000060   Code   RO          227    i.SystemInit        system_stm32f10x.o
    0x08003c34   0x00000018   Code   RO         2619    i.TIM_Cmd           stm32f10x_tim.o
    0x08003c4c   0x00000006   Code   RO         2635    i.TIM_GetCapture2   stm32f10x_tim.o
    0x08003c52   0x0000000c   Code   RO         2646    i.TIM_InternalClockConfig  stm32f10x_tim.o
    0x08003c5e   0x00000002   PAD
    0x08003c60   0x000000a4   Code   RO         2653    i.TIM_OC2Init       stm32f10x_tim.o
    0x08003d04   0x000000a0   Code   RO         2658    i.TIM_OC3Init       stm32f10x_tim.o
    0x08003da4   0x00000014   Code   RO         2666    i.TIM_OCStructInit  stm32f10x_tim.o
    0x08003db8   0x00000004   Code   RO         2681    i.TIM_SetCompare2   stm32f10x_tim.o
    0x08003dbc   0x00000004   Code   RO         2682    i.TIM_SetCompare3   stm32f10x_tim.o
    0x08003dc0   0x000000a4   Code   RO         2690    i.TIM_TimeBaseInit  stm32f10x_tim.o
    0x08003e64   0x00000088   Code   RO          339    i.USART1_IRQHandler  usart.o
    0x08003eec   0x0000004c   Code   RO         3701    i.USART2_IRQHandler  esp8266.o
    0x08003f38   0x00000012   Code   RO         3151    i.USART_ClearFlag   stm32f10x_usart.o
    0x08003f4a   0x00000018   Code   RO         3155    i.USART_Cmd         stm32f10x_usart.o
    0x08003f62   0x0000001a   Code   RO         3158    i.USART_GetFlagStatus  stm32f10x_usart.o
    0x08003f7c   0x00000054   Code   RO         3159    i.USART_GetITStatus  stm32f10x_usart.o
    0x08003fd0   0x0000004a   Code   RO         3161    i.USART_ITConfig    stm32f10x_usart.o
    0x0800401a   0x00000002   PAD
    0x0800401c   0x000000d8   Code   RO         3162    i.USART_Init        stm32f10x_usart.o
    0x080040f4   0x0000000a   Code   RO         3169    i.USART_ReceiveData  stm32f10x_usart.o
    0x080040fe   0x00000008   Code   RO         3172    i.USART_SendData    stm32f10x_usart.o
    0x08004106   0x00000004   Code   RO          169    i.UsageFault_Handler  stm32f10x_it.o
    0x0800410a   0x00000048   Code   RO          340    i.UsartPrintf       usart.o
    0x08004152   0x00000032   Code   RO          341    i.Usart_SendString  usart.o
    0x08004184   0x000002a0   Code   RO            2    i.User_Modification  main.o
    0x08004424   0x00000020   Code   RO         4751    i.__0printf         mc_w.l(printfa.o)
    0x08004444   0x00000028   Code   RO         4752    i.__0snprintf       mc_w.l(printfa.o)
    0x0800446c   0x00000028   Code   RO         4753    i.__0sprintf        mc_w.l(printfa.o)
    0x08004494   0x00000024   Code   RO         4756    i.__0vsnprintf      mc_w.l(printfa.o)
    0x080044b8   0x00000028   Code   RO         4859    i.__ARM_fpclassify  m_ws.l(fpclassify.o)
    0x080044e0   0x000000aa   Code   RO         4861    i.__kernel_poly     m_ws.l(poly.o)
    0x0800458a   0x00000002   PAD
    0x0800458c   0x00000010   Code   RO         4845    i.__mathlib_dbl_divzero  m_ws.l(dunder.o)
    0x0800459c   0x00000004   Code   RO         4847    i.__mathlib_dbl_infnan2  m_ws.l(dunder.o)
    0x080045a0   0x0000000c   Code   RO         4848    i.__mathlib_dbl_invalid  m_ws.l(dunder.o)
    0x080045ac   0x0000000e   Code   RO         4849    i.__mathlib_dbl_overflow  m_ws.l(dunder.o)
    0x080045ba   0x00000002   PAD
    0x080045bc   0x00000010   Code   RO         4851    i.__mathlib_dbl_underflow  m_ws.l(dunder.o)
    0x080045cc   0x0000000e   Code   RO         4935    i.__scatterload_copy  mc_w.l(handlers.o)
    0x080045da   0x00000002   Code   RO         4936    i.__scatterload_null  mc_w.l(handlers.o)
    0x080045dc   0x0000000e   Code   RO         4937    i.__scatterload_zeroinit  mc_w.l(handlers.o)
    0x080045ea   0x00000002   PAD
    0x080045ec   0x0000000c   Code   RO         4900    i.__set_errno       mc_w.l(errno.o)
    0x080045f8   0x00000164   Code   RO         4758    i._fp_digits        mc_w.l(printfa.o)
    0x0800475c   0x000006dc   Code   RO         4759    i._printf_core      mc_w.l(printfa.o)
    0x08004e38   0x00000024   Code   RO         4760    i._printf_post_padding  mc_w.l(printfa.o)
    0x08004e5c   0x0000002e   Code   RO         4761    i._printf_pre_padding  mc_w.l(printfa.o)
    0x08004e8a   0x00000016   Code   RO         4762    i._snputc           mc_w.l(printfa.o)
    0x08004ea0   0x0000000a   Code   RO         4763    i._sputc            mc_w.l(printfa.o)
    0x08004eaa   0x00000002   PAD
    0x08004eac   0x00000058   Code   RO         4110    i.cJSON_Delete      cjson.o
    0x08004f04   0x0000001e   Code   RO         4119    i.cJSON_GetObjectItem  cjson.o
    0x08004f22   0x00000002   PAD
    0x08004f24   0x00000020   Code   RO         4123    i.cJSON_New_Item    cjson.o
    0x08004f44   0x00000010   Code   RO         4124    i.cJSON_Parse       cjson.o
    0x08004f54   0x00000064   Code   RO         4125    i.cJSON_ParseWithOpts  cjson.o
    0x08004fb8   0x0000004c   Code   RO         4131    i.cJSON_strcasecmp  cjson.o
    0x08005004   0x00000044   Code   RO          258    i.delay_init        delay.o
    0x08005048   0x0000004c   Code   RO          259    i.delay_ms          delay.o
    0x08005094   0x0000004c   Code   RO          260    i.delay_us          delay.o
    0x080050e0   0x0000001c   Code   RO          343    i.fputc             usart.o
    0x080050fc   0x00000050   Code   RO         4779    i.free              mc_w.l(malloc.o)
    0x0800514c   0x0000004c   Code   RO         3961    i.ft                hmac_sha1.o
    0x08005198   0x0000012e   Code   RO         3962    i.hmac_sha1         hmac_sha1.o
    0x080052c6   0x00000002   PAD
    0x080052c8   0x00000034   Code   RO         3963    i.k                 hmac_sha1.o
    0x080052fc   0x000003ac   Code   RO            3    i.main              main.o
    0x080056a8   0x0000006c   Code   RO         4780    i.malloc            mc_w.l(malloc.o)
    0x08005714   0x000000ac   Code   RO         4135    i.parse_array       cjson.o
    0x080057c0   0x00000114   Code   RO         4136    i.parse_hex4        cjson.o
    0x080058d4   0x000001bc   Code   RO         4137    i.parse_number      cjson.o
    0x08005a90   0x00000114   Code   RO         4138    i.parse_object      cjson.o
    0x08005ba4   0x000001cc   Code   RO         4139    i.parse_string      cjson.o
    0x08005d70   0x000000bc   Code   RO         4140    i.parse_value       cjson.o
    0x08005e2c   0x000009b8   Code   RO         4484    i.pow               m_ws.l(pow.o)
    0x080067e4   0x0000002e   Code   RO         3964    i.rotl              hmac_sha1.o
    0x08006812   0x00000002   PAD
    0x08006814   0x00000284   Code   RO         3966    i.sha1              hmac_sha1.o
    0x08006a98   0x00000012   Code   RO         4148    i.skip              cjson.o
    0x08006aaa   0x0000004c   Code   RO         4865    i.sqrt              m_ws.l(sqrt.o)
    0x08006af6   0x00000002   PAD
    0x08006af8   0x000000a4   Code   RO          344    i.uart1_init        usart.o
    0x08006b9c   0x000000a8   Code   RO          345    i.uart2_init        usart.o
    0x08006c44   0x00000118   Data   RO         3395    .constdata          ldchip.o
    0x08006d5c   0x000005f0   Data   RO         3585    .constdata          oled.o
    0x0800734c   0x000000c0   Data   RO         3933    .constdata          base64.o
    0x0800740c   0x00000007   Data   RO         4151    .constdata          cjson.o
    0x08007413   0x00000005   PAD
    0x08007418   0x00000088   Data   RO         4485    .constdata          m_ws.l(pow.o)
    0x080074a0   0x00000008   Data   RO         4863    .constdata          m_ws.l(qnan.o)
    0x080074a8   0x00000047   Data   RO         4026    .conststring        onenet.o
    0x080074ef   0x00000001   PAD
    0x080074f0   0x00000020   Data   RO         4933    Region$$Table       anon$$obj.o


    Execution Region ER_RW (Base: 0x20000000, Size: 0x0000006c, Max: 0xffffffff, ABSOLUTE)

    Base Addr    Size         Type   Attr      Idx    E Section Name        Object

    0x20000000   0x00000009   Data   RW            4    .data               main.o
    0x20000009   0x00000003   PAD
    0x2000000c   0x00000014   Data   RW          228    .data               system_stm32f10x.o
    0x20000020   0x00000004   Data   RW          261    .data               delay.o
    0x20000024   0x00000006   Data   RW          347    .data               usart.o
    0x2000002a   0x00000014   Data   RW         2015    .data               stm32f10x_rcc.o
    0x2000003e   0x00000002   Data   RW         3396    .data               ldchip.o
    0x20000040   0x00000008   Data   RW         3500    .data               led.o
    0x20000048   0x00000005   Data   RW         3537    .data               dht11.o
    0x2000004d   0x00000001   PAD
    0x2000004e   0x00000004   Data   RW         3703    .data               esp8266.o
    0x20000052   0x00000002   Data   RW         4027    .data               onenet.o
    0x20000054   0x0000000c   Data   RW         4152    .data               cjson.o
    0x20000060   0x00000004   Data   RW         4896    .data               mc_w.l(mvars.o)
    0x20000064   0x00000004   Data   RW         4897    .data               mc_w.l(mvars.o)
    0x20000068   0x00000004   Data   RW         4901    .data               mc_w.l(errno.o)


    Execution Region ER_ZI (Base: 0x2000006c, Size: 0x00000ccc, Max: 0xffffffff, ABSOLUTE)

    Base Addr    Size         Type   Attr      Idx    E Section Name        Object

    0x2000006c   0x000000c8   Zero   RW          346    .bss                usart.o
    0x20000134   0x00000200   Zero   RW         3702    .bss                esp8266.o
    0x20000334   0x00000004   PAD
    0x20000338   0x00000200   Zero   RW          412    HEAP                startup_stm32f10x_md.o
    0x20000538   0x00000800   Zero   RW          411    STACK               startup_stm32f10x_md.o


==============================================================================

Image component sizes


      Code (inc. data)   RO Data    RW Data    ZI Data      Debug   Object Name

       196         14          0          0          0       1044   ad.o
       688          8        192          0          0       3396   base64.o
      2176         82          7         12          0      11861   cjson.o
       220         26          0          4          0     216171   delay.o
       396         26          0          5          0       2929   dht11.o
       712        252          0          4        512       4903   esp8266.o
       168         14          0          0          0       1101   fan.o
      1120         30          0          0          0       4175   hmac_sha1.o
      1042         50        280          2          0       5696   ldchip.o
       428         40          0          8          0       2549   led.o
      1712        632          0          9          0     252088   main.o
       172         22          0          0          0       1985   misc.o
      2374         58          0          0          0      13360   mqttkit.o
       826         26       1520          0          0       7505   oled.o
      2752       1190         71          2          0       9897   onenet.o
       764         28          0          0          0       3115   reg_rw.o
        36          8        236          0       2560        796   startup_stm32f10x_md.o
       394         10          0          0          0       7757   stm32f10x_adc.o
       212         24          0          0          0       2517   stm32f10x_exti.o
       522         10          0          0          0       5512   stm32f10x_gpio.o
        26          0          0          0          0       3542   stm32f10x_it.o
        68         30          0          0          0       2390   stm32f10x_iwdg.o
       380         48          0         20          0       5949   stm32f10x_rcc.o
       558         62          0          0          0       5616   stm32f10x_tim.o
       460          6          0          0          0       6495   stm32f10x_usart.o
         0          0          0          0          0         32   sys.o
       328         28          0         20          0       1997   system_stm32f10x.o
       618         36          0          6        200       6255   usart.o

    ----------------------------------------------------------------------
     19384       2760       2344         96       3276     590633   Object Totals
         0          0         32          0          0          0   (incl. Generated)
        36          0          6          4          4          0   (incl. Padding)

    ----------------------------------------------------------------------

      Code (inc. data)   RO Data    RW Data    ZI Data      Debug   Library Member Name

        62         10          0          0          0        340   dunder.o
        40          0          0          0          0         68   fpclassify.o
       170          0          0          0          0         96   poly.o
      2488        190        136          0          0        300   pow.o
         0          0          8          0          0          0   qnan.o
        76          0          0          0          0         84   sqrt.o
         0          0          0          0          0          0   entry.o
         0          0          0          0          0          0   entry10a.o
         0          0          0          0          0          0   entry11a.o
         8          4          0          0          0          0   entry2.o
         4          0          0          0          0          0   entry5.o
         0          0          0          0          0          0   entry7b.o
         0          0          0          0          0          0   entry8b.o
         8          4          0          0          0          0   entry9a.o
        12          6          0          4          0         68   errno.o
        30          0          0          0          0          0   handlers.o
        36          8          0          0          0         68   init.o
         0          0          0          0          0          0   iusefp.o
        30          0          0          0          0         68   llshl.o
        36          0          0          0          0         68   llsshr.o
        32          0          0          0          0         68   llushr.o
       188         20          0          0          0        160   malloc.o
        36          0          0          0          0         68   memcpya.o
        36          0          0          0          0        108   memseta.o
         0          0          0          8          0          0   mvars.o
      2374        104          0          0          0        828   printfa.o
        24          0          0          0          0         68   strcat.o
        20          0          0          0          0         68   strchr.o
        18          0          0          0          0         68   strcpy.o
        14          0          0          0          0         68   strlen.o
        40          0          0          0          0         76   strncat.o
        30          0          0          0          0         80   strncmp.o
        36          0          0          0          0         80   strstr.o
        12          0          0          0          0         68   tolower.o
        44          0          0          0          0         80   uidiv.o
        98          0          0          0          0         92   uldiv.o
        48          0          0          0          0         68   cdrcmple.o
        20          0          0          0          0         68   cfcmple.o
        20          0          0          0          0         68   cfrcmple.o
        56          0          0          0          0         88   d2f.o
       334          0          0          0          0        148   dadd.o
       222          0          0          0          0        100   ddiv.o
       186          0          0          0          0        176   depilogue.o
        62          0          0          0          0         80   dfixi.o
        48          0          0          0          0         68   dfixul.o
        34          0          0          0          0         76   dflti.o
       228          0          0          0          0         96   dmul.o
        46          0          0          0          0         80   dscalb.o
       162          0          0          0          0        100   dsqrt.o
        38          0          0          0          0         68   f2d.o
       176          0          0          0          0        140   fadd.o
       124          0          0          0          0         88   fdiv.o
       110          0          0          0          0        168   fepilogue.o
        40          0          0          0          0         68   ffixui.o
        18          0          0          0          0         68   fflti.o
        10          0          0          0          0         68   ffltui.o
       100          0          0          0          0         76   fmul.o

    ----------------------------------------------------------------------
      8096        346        144         12          0       5100   Library Totals
        12          0          0          0          0          0   (incl. Padding)

    ----------------------------------------------------------------------

      Code (inc. data)   RO Data    RW Data    ZI Data      Debug   Library Name

      2836        200        144          0          0        888   m_ws.l
      3166        146          0         12          0       2252   mc_w.l
      2082          0          0          0          0       1960   mf_w.l

    ----------------------------------------------------------------------
      8096        346        144         12          0       5100   Library Totals

    ----------------------------------------------------------------------

==============================================================================


      Code (inc. data)   RO Data    RW Data    ZI Data      Debug   

     27480       3106       2488        108       3276     584653   Grand Totals
     27480       3106       2488        108       3276     584653   ELF Image Totals
     27480       3106       2488        108          0          0   ROM Totals

==============================================================================

    Total RO  Size (Code + RO Data)                29968 (  29.27kB)
    Total RW  Size (RW Data + ZI Data)              3384 (   3.30kB)
    Total ROM Size (Code + RO Data + RW Data)      30076 (  29.37kB)

==============================================================================

