<html>
<body>
<pre>
<h1>µVision Build Log</h1>
<h2>Tool Versions:</h2>
IDE-Version: ¦ÌVision V5.14.0.0
Copyright (C) 2015 ARM Ltd and ARM Germany GmbH. All rights reserved.
License Information: HP HP, HP Inc., LIC=0VR8T-REDT5-GNUA5-GMBZR-R97MT-9LG3K
 
Tool Versions:
Toolchain:       MDK-ARM Professional  Version: 5.14.0.0
Toolchain Path:  E:\Keil_v5\ARM\ARMCC\Bin
C Compiler:      Armcc.exe V5.05 update 1 (build 106)
Assembler:       Armasm.exe V5.05 update 1 (build 106)
Linker/Locator:  ArmLink.exe V5.05 update 1 (build 106)
Library Manager: ArmAr.exe V5.05 update 1 (build 106)
Hex Converter:   FromElf.exe V5.05 update 1 (build 106)
CPU DLL:         SARMCM3.DLL V5.14.0.0
Dialog DLL:      DCM.DLL V1.13.1.0
Target DLL:      STLink\ST-LINKIII-KEIL_SWO.dll V2.0.14.0_KEIL
Dialog DLL:      TCM.DLL V1.14.4.0
 
<h2>Project:</h2>
E:\stm32\STM32f103C8T6\Smart_home_standard\USER\BKM-LD3320.uvprojx
Project File Date:  03/24/2024

<h2>Output:</h2>
Rebuild target 'Template'
compiling main.c...
main.c(74): warning:  #223-D: function "ESP8266_SendCmd" declared implicitly
        while(ESP8266_SendCmd(ESP8266_ONENET_INFO, "CONNECT"))
main.c: 1 warning, 0 errors
compiling stm32f10x_it.c...
compiling system_stm32f10x.c...
compiling delay.c...
compiling sys.c...
compiling usart.c...
compiling core_cm3.c...
assembling startup_stm32f10x_md.s...
compiling misc.c...
compiling stm32f10x_adc.c...
compiling stm32f10x_bkp.c...
compiling stm32f10x_can.c...
compiling stm32f10x_cec.c...
compiling stm32f10x_crc.c...
compiling stm32f10x_dac.c...
compiling stm32f10x_dbgmcu.c...
compiling stm32f10x_dma.c...
compiling stm32f10x_exti.c...
compiling stm32f10x_flash.c...
compiling stm32f10x_fsmc.c...
compiling stm32f10x_gpio.c...
compiling stm32f10x_i2c.c...
compiling stm32f10x_iwdg.c...
compiling stm32f10x_pwr.c...
compiling stm32f10x_rcc.c...
compiling stm32f10x_rtc.c...
compiling stm32f10x_sdio.c...
compiling stm32f10x_spi.c...
compiling stm32f10x_tim.c...
compiling stm32f10x_usart.c...
compiling stm32f10x_wwdg.c...
compiling LDChip.c...
compiling Reg_RW.c...
compiling led.c...
compiling dht11.c...
compiling oled.c...
compiling ad.c...
compiling esp8266.c...
compiling MqttKit.c...
compiling base64.c...
compiling hmac_sha1.c...
compiling onenet.c...
..\HARDWARE\ONENET\onenet.c(253): warning:  #223-D: function "ESP8266_SendCmd" declared implicitly
        while(ESP8266_SendCmd("AT+CIPSTART=\"TCP\",\"183.230.40.33\",80\r\n", "CONNECT"))
..\HARDWARE\ONENET\onenet.c(306): warning:  #223-D: function "ESP8266_SendCmd" declared implicitly
        ESP8266_SendCmd("AT+CIPCLOSE\r\n", "OK");
..\HARDWARE\ONENET\onenet.c: 2 warnings, 0 errors
linking...
Program Size: Code=18340 RO-data=2332 RW-data=80 ZI-data=3272  
FromELF: creating hex file...
"..\OBJ\BKM32.axf" - 0 Error(s), 3 Warning(s).

<h2>Collection of Component include folders:</h2>
  E:\stm32\STM32f103C8T6\Smart_home_standard\USER\RTE
  E:\Keil_v5\ARM\PACK\Keil\STM32F1xx_DFP\1.0.5\Device\Include

<h2>Collection of Component Files used:</h2>
</pre>
</body>
</html>
